ARM GAS  C:\Users\dgitau\AppData\Local\Temp\cc5YjZ52.s 			page 1


   1              		.syntax unified
   2              		.cpu cortex-m3
   3              		.fpu softvfp
   4              		.eabi_attribute 20, 1
   5              		.eabi_attribute 21, 1
   6              		.eabi_attribute 23, 3
   7              		.eabi_attribute 24, 1
   8              		.eabi_attribute 25, 1
   9              		.eabi_attribute 26, 1
  10              		.eabi_attribute 30, 1
  11              		.eabi_attribute 34, 1
  12              		.eabi_attribute 18, 4
  13              		.thumb
  14              		.syntax unified
  15              		.file	"cyfitter_cfg.c"
  16              		.text
  17              	.Ltext0:
  18              		.cfi_sections	.debug_frame
  19              		.section	.text.CyClockStartupError,"ax",%progbits
  20              		.align	2
  21              		.thumb
  22              		.thumb_func
  23              		.type	CyClockStartupError, %function
  24              	CyClockStartupError:
  25              	.LFB3:
  26              		.file 1 "Generated_Source\\PSoC5\\cyfitter_cfg.c"
   1:Generated_Source\PSoC5/cyfitter_cfg.c **** 
   2:Generated_Source\PSoC5/cyfitter_cfg.c **** /*******************************************************************************
   3:Generated_Source\PSoC5/cyfitter_cfg.c **** * File Name: cyfitter_cfg.c
   4:Generated_Source\PSoC5/cyfitter_cfg.c **** * 
   5:Generated_Source\PSoC5/cyfitter_cfg.c **** * PSoC Creator  4.1 Update 1
   6:Generated_Source\PSoC5/cyfitter_cfg.c **** *
   7:Generated_Source\PSoC5/cyfitter_cfg.c **** * Description:
   8:Generated_Source\PSoC5/cyfitter_cfg.c **** * This file contains device initialization code.
   9:Generated_Source\PSoC5/cyfitter_cfg.c **** * Except for the user defined sections in CyClockStartupError(), this file should not be modified.
  10:Generated_Source\PSoC5/cyfitter_cfg.c **** * This file is automatically generated by PSoC Creator.
  11:Generated_Source\PSoC5/cyfitter_cfg.c **** *
  12:Generated_Source\PSoC5/cyfitter_cfg.c **** ********************************************************************************
  13:Generated_Source\PSoC5/cyfitter_cfg.c **** * Copyright (c) 2007-2017 Cypress Semiconductor.  All rights reserved.
  14:Generated_Source\PSoC5/cyfitter_cfg.c **** * You may use this file only in accordance with the license, terms, conditions, 
  15:Generated_Source\PSoC5/cyfitter_cfg.c **** * disclaimers, and limitations in the end user license agreement accompanying 
  16:Generated_Source\PSoC5/cyfitter_cfg.c **** * the software package with which this file was provided.
  17:Generated_Source\PSoC5/cyfitter_cfg.c **** ********************************************************************************/
  18:Generated_Source\PSoC5/cyfitter_cfg.c **** 
  19:Generated_Source\PSoC5/cyfitter_cfg.c **** #include <string.h>
  20:Generated_Source\PSoC5/cyfitter_cfg.c **** #include "cytypes.h"
  21:Generated_Source\PSoC5/cyfitter_cfg.c **** #include "cydevice_trm.h"
  22:Generated_Source\PSoC5/cyfitter_cfg.c **** #include "cyfitter.h"
  23:Generated_Source\PSoC5/cyfitter_cfg.c **** #include "CyLib.h"
  24:Generated_Source\PSoC5/cyfitter_cfg.c **** #include "cyfitter_cfg.h"
  25:Generated_Source\PSoC5/cyfitter_cfg.c **** #include "cyapicallbacks.h"
  26:Generated_Source\PSoC5/cyfitter_cfg.c **** 
  27:Generated_Source\PSoC5/cyfitter_cfg.c **** #define CY_NEED_CYCLOCKSTARTUPERROR 1
  28:Generated_Source\PSoC5/cyfitter_cfg.c **** 
  29:Generated_Source\PSoC5/cyfitter_cfg.c **** 
  30:Generated_Source\PSoC5/cyfitter_cfg.c **** #if defined(__GNUC__) || defined(__ARMCC_VERSION)
  31:Generated_Source\PSoC5/cyfitter_cfg.c ****     #define CYPACKED 
ARM GAS  C:\Users\dgitau\AppData\Local\Temp\cc5YjZ52.s 			page 2


  32:Generated_Source\PSoC5/cyfitter_cfg.c ****     #define CYPACKED_ATTR __attribute__ ((packed))
  33:Generated_Source\PSoC5/cyfitter_cfg.c ****     #define CYALIGNED __attribute__ ((aligned))
  34:Generated_Source\PSoC5/cyfitter_cfg.c ****     #define CY_CFG_UNUSED __attribute__ ((unused))
  35:Generated_Source\PSoC5/cyfitter_cfg.c ****     #ifndef CY_CFG_SECTION
  36:Generated_Source\PSoC5/cyfitter_cfg.c ****         #define CY_CFG_SECTION __attribute__ ((section(".psocinit")))
  37:Generated_Source\PSoC5/cyfitter_cfg.c ****     #endif
  38:Generated_Source\PSoC5/cyfitter_cfg.c ****     
  39:Generated_Source\PSoC5/cyfitter_cfg.c ****     #if defined(__ARMCC_VERSION)
  40:Generated_Source\PSoC5/cyfitter_cfg.c ****         #define CY_CFG_MEMORY_BARRIER() __memory_changed()
  41:Generated_Source\PSoC5/cyfitter_cfg.c ****     #else
  42:Generated_Source\PSoC5/cyfitter_cfg.c ****         #define CY_CFG_MEMORY_BARRIER() __sync_synchronize()
  43:Generated_Source\PSoC5/cyfitter_cfg.c ****     #endif
  44:Generated_Source\PSoC5/cyfitter_cfg.c ****     
  45:Generated_Source\PSoC5/cyfitter_cfg.c **** #elif defined(__ICCARM__)
  46:Generated_Source\PSoC5/cyfitter_cfg.c ****     #include <intrinsics.h>
  47:Generated_Source\PSoC5/cyfitter_cfg.c **** 
  48:Generated_Source\PSoC5/cyfitter_cfg.c ****     #define CYPACKED __packed
  49:Generated_Source\PSoC5/cyfitter_cfg.c ****     #define CYPACKED_ATTR 
  50:Generated_Source\PSoC5/cyfitter_cfg.c ****     #define CYALIGNED _Pragma("data_alignment=4")
  51:Generated_Source\PSoC5/cyfitter_cfg.c ****     #define CY_CFG_UNUSED _Pragma("diag_suppress=Pe177")
  52:Generated_Source\PSoC5/cyfitter_cfg.c ****     #define CY_CFG_SECTION _Pragma("location=\".psocinit\"")
  53:Generated_Source\PSoC5/cyfitter_cfg.c ****     
  54:Generated_Source\PSoC5/cyfitter_cfg.c ****     #define CY_CFG_MEMORY_BARRIER() __DMB()
  55:Generated_Source\PSoC5/cyfitter_cfg.c ****     
  56:Generated_Source\PSoC5/cyfitter_cfg.c **** #else
  57:Generated_Source\PSoC5/cyfitter_cfg.c ****     #error Unsupported toolchain
  58:Generated_Source\PSoC5/cyfitter_cfg.c **** #endif
  59:Generated_Source\PSoC5/cyfitter_cfg.c **** 
  60:Generated_Source\PSoC5/cyfitter_cfg.c **** #ifndef CYCODE
  61:Generated_Source\PSoC5/cyfitter_cfg.c ****     #define CYCODE
  62:Generated_Source\PSoC5/cyfitter_cfg.c **** #endif
  63:Generated_Source\PSoC5/cyfitter_cfg.c **** #ifndef CYDATA
  64:Generated_Source\PSoC5/cyfitter_cfg.c ****     #define CYDATA
  65:Generated_Source\PSoC5/cyfitter_cfg.c **** #endif
  66:Generated_Source\PSoC5/cyfitter_cfg.c **** #ifndef CYFAR
  67:Generated_Source\PSoC5/cyfitter_cfg.c ****     #define CYFAR
  68:Generated_Source\PSoC5/cyfitter_cfg.c **** #endif
  69:Generated_Source\PSoC5/cyfitter_cfg.c **** #ifndef CYXDATA
  70:Generated_Source\PSoC5/cyfitter_cfg.c ****     #define CYXDATA
  71:Generated_Source\PSoC5/cyfitter_cfg.c **** #endif
  72:Generated_Source\PSoC5/cyfitter_cfg.c **** 
  73:Generated_Source\PSoC5/cyfitter_cfg.c **** 
  74:Generated_Source\PSoC5/cyfitter_cfg.c **** CY_CFG_UNUSED
  75:Generated_Source\PSoC5/cyfitter_cfg.c **** static void CYMEMZERO(void *s, size_t n);
  76:Generated_Source\PSoC5/cyfitter_cfg.c **** CY_CFG_UNUSED
  77:Generated_Source\PSoC5/cyfitter_cfg.c **** static void CYMEMZERO(void *s, size_t n)
  78:Generated_Source\PSoC5/cyfitter_cfg.c **** {
  79:Generated_Source\PSoC5/cyfitter_cfg.c **** 	(void)memset(s, 0, n);
  80:Generated_Source\PSoC5/cyfitter_cfg.c **** }
  81:Generated_Source\PSoC5/cyfitter_cfg.c **** CY_CFG_UNUSED
  82:Generated_Source\PSoC5/cyfitter_cfg.c **** static void CYCONFIGCPY(void *dest, const void *src, size_t n);
  83:Generated_Source\PSoC5/cyfitter_cfg.c **** CY_CFG_UNUSED
  84:Generated_Source\PSoC5/cyfitter_cfg.c **** static void CYCONFIGCPY(void *dest, const void *src, size_t n)
  85:Generated_Source\PSoC5/cyfitter_cfg.c **** {
  86:Generated_Source\PSoC5/cyfitter_cfg.c **** 	(void)memcpy(dest, src, n);
  87:Generated_Source\PSoC5/cyfitter_cfg.c **** }
  88:Generated_Source\PSoC5/cyfitter_cfg.c **** CY_CFG_UNUSED
ARM GAS  C:\Users\dgitau\AppData\Local\Temp\cc5YjZ52.s 			page 3


  89:Generated_Source\PSoC5/cyfitter_cfg.c **** static void CYCONFIGCPYCODE(void *dest, const void *src, size_t n);
  90:Generated_Source\PSoC5/cyfitter_cfg.c **** CY_CFG_UNUSED
  91:Generated_Source\PSoC5/cyfitter_cfg.c **** static void CYCONFIGCPYCODE(void *dest, const void *src, size_t n)
  92:Generated_Source\PSoC5/cyfitter_cfg.c **** {
  93:Generated_Source\PSoC5/cyfitter_cfg.c **** 	(void)memcpy(dest, src, n);
  94:Generated_Source\PSoC5/cyfitter_cfg.c **** }
  95:Generated_Source\PSoC5/cyfitter_cfg.c **** 
  96:Generated_Source\PSoC5/cyfitter_cfg.c **** 
  97:Generated_Source\PSoC5/cyfitter_cfg.c **** 
  98:Generated_Source\PSoC5/cyfitter_cfg.c **** 
  99:Generated_Source\PSoC5/cyfitter_cfg.c **** /* Clock startup error codes                                                   */
 100:Generated_Source\PSoC5/cyfitter_cfg.c **** #define CYCLOCKSTART_NO_ERROR    0u
 101:Generated_Source\PSoC5/cyfitter_cfg.c **** #define CYCLOCKSTART_XTAL_ERROR  1u
 102:Generated_Source\PSoC5/cyfitter_cfg.c **** #define CYCLOCKSTART_32KHZ_ERROR 2u
 103:Generated_Source\PSoC5/cyfitter_cfg.c **** #define CYCLOCKSTART_PLL_ERROR   3u
 104:Generated_Source\PSoC5/cyfitter_cfg.c **** #define CYCLOCKSTART_FLL_ERROR   4u
 105:Generated_Source\PSoC5/cyfitter_cfg.c **** 
 106:Generated_Source\PSoC5/cyfitter_cfg.c **** 
 107:Generated_Source\PSoC5/cyfitter_cfg.c **** #ifdef CY_NEED_CYCLOCKSTARTUPERROR
 108:Generated_Source\PSoC5/cyfitter_cfg.c **** /*******************************************************************************
 109:Generated_Source\PSoC5/cyfitter_cfg.c **** * Function Name: CyClockStartupError
 110:Generated_Source\PSoC5/cyfitter_cfg.c **** ********************************************************************************
 111:Generated_Source\PSoC5/cyfitter_cfg.c **** * Summary:
 112:Generated_Source\PSoC5/cyfitter_cfg.c **** *  If an error is encountered during clock configuration (crystal startup error,
 113:Generated_Source\PSoC5/cyfitter_cfg.c **** *  PLL lock error, etc.), the system will end up here.  Unless reimplemented by
 114:Generated_Source\PSoC5/cyfitter_cfg.c **** *  the customer, this function will stop in an infinite loop.
 115:Generated_Source\PSoC5/cyfitter_cfg.c **** *
 116:Generated_Source\PSoC5/cyfitter_cfg.c **** * Parameters:
 117:Generated_Source\PSoC5/cyfitter_cfg.c **** *   void
 118:Generated_Source\PSoC5/cyfitter_cfg.c **** *
 119:Generated_Source\PSoC5/cyfitter_cfg.c **** * Return:
 120:Generated_Source\PSoC5/cyfitter_cfg.c **** *   void
 121:Generated_Source\PSoC5/cyfitter_cfg.c **** *
 122:Generated_Source\PSoC5/cyfitter_cfg.c **** *******************************************************************************/
 123:Generated_Source\PSoC5/cyfitter_cfg.c **** CY_CFG_UNUSED
 124:Generated_Source\PSoC5/cyfitter_cfg.c **** static void CyClockStartupError(uint8 errorCode);
 125:Generated_Source\PSoC5/cyfitter_cfg.c **** CY_CFG_UNUSED
 126:Generated_Source\PSoC5/cyfitter_cfg.c **** static void CyClockStartupError(uint8 errorCode)
 127:Generated_Source\PSoC5/cyfitter_cfg.c **** {
  27              		.loc 1 127 0
  28              		.cfi_startproc
  29              		@ Volatile: function does not return.
  30              		@ args = 0, pretend = 0, frame = 0
  31              		@ frame_needed = 0, uses_anonymous_args = 0
  32              		@ link register save eliminated.
  33              	.LVL0:
  34              	.L2:
  35 0000 FEE7     		b	.L2
  36              		.cfi_endproc
  37              	.LFE3:
  38              		.size	CyClockStartupError, .-CyClockStartupError
  39 0002 00BF     		.section	.text.AnalogSetDefault,"ax",%progbits
  40              		.align	2
  41              		.thumb
  42              		.thumb_func
  43              		.type	AnalogSetDefault, %function
  44              	AnalogSetDefault:
ARM GAS  C:\Users\dgitau\AppData\Local\Temp\cc5YjZ52.s 			page 4


  45              	.LFB5:
 128:Generated_Source\PSoC5/cyfitter_cfg.c ****     /* To remove the compiler warning if errorCode not used. */
 129:Generated_Source\PSoC5/cyfitter_cfg.c **** #if defined(CY_PSOC3) && (CY_PSOC3)
 130:Generated_Source\PSoC5/cyfitter_cfg.c ****     errorCode = errorCode;
 131:Generated_Source\PSoC5/cyfitter_cfg.c **** #else
 132:Generated_Source\PSoC5/cyfitter_cfg.c ****     (void)errorCode;
 133:Generated_Source\PSoC5/cyfitter_cfg.c **** #endif /* CY_PSOC3 */
 134:Generated_Source\PSoC5/cyfitter_cfg.c **** 
 135:Generated_Source\PSoC5/cyfitter_cfg.c ****     /* If we have a clock startup error (bad MHz crystal, PLL lock, etc.),  */
 136:Generated_Source\PSoC5/cyfitter_cfg.c ****     /* we will end up here to allow the customer to implement something to  */
 137:Generated_Source\PSoC5/cyfitter_cfg.c ****     /* deal with the clock condition.                                       */
 138:Generated_Source\PSoC5/cyfitter_cfg.c **** 
 139:Generated_Source\PSoC5/cyfitter_cfg.c **** #ifdef CY_CFG_CLOCK_STARTUP_ERROR_CALLBACK
 140:Generated_Source\PSoC5/cyfitter_cfg.c ****     CY_CFG_Clock_Startup_ErrorCallback();
 141:Generated_Source\PSoC5/cyfitter_cfg.c **** #else
 142:Generated_Source\PSoC5/cyfitter_cfg.c ****     /*  If not using CY_CFG_CLOCK_STARTUP_ERROR_CALLBACK, place your clock startup code here. */
 143:Generated_Source\PSoC5/cyfitter_cfg.c ****     /* `#START CyClockStartupError` */
 144:Generated_Source\PSoC5/cyfitter_cfg.c **** 
 145:Generated_Source\PSoC5/cyfitter_cfg.c **** 
 146:Generated_Source\PSoC5/cyfitter_cfg.c **** 
 147:Generated_Source\PSoC5/cyfitter_cfg.c ****     /* `#END` */
 148:Generated_Source\PSoC5/cyfitter_cfg.c **** 
 149:Generated_Source\PSoC5/cyfitter_cfg.c ****     while(1) {}
 150:Generated_Source\PSoC5/cyfitter_cfg.c **** #endif /* CY_CFG_CLOCK_STARTUP_ERROR_CALLBACK */
 151:Generated_Source\PSoC5/cyfitter_cfg.c **** }
 152:Generated_Source\PSoC5/cyfitter_cfg.c **** #endif
 153:Generated_Source\PSoC5/cyfitter_cfg.c **** 
 154:Generated_Source\PSoC5/cyfitter_cfg.c **** /* IOPINS0_1 Address: CYREG_PRT1_DM0 Size (bytes): 8 */
 155:Generated_Source\PSoC5/cyfitter_cfg.c **** #define BS_IOPINS0_1_VAL ((const uint8 CYFAR *)0x48000000u)
 156:Generated_Source\PSoC5/cyfitter_cfg.c **** 
 157:Generated_Source\PSoC5/cyfitter_cfg.c **** 
 158:Generated_Source\PSoC5/cyfitter_cfg.c **** /*******************************************************************************
 159:Generated_Source\PSoC5/cyfitter_cfg.c **** * Function Name: ClockSetup
 160:Generated_Source\PSoC5/cyfitter_cfg.c **** ********************************************************************************
 161:Generated_Source\PSoC5/cyfitter_cfg.c **** *
 162:Generated_Source\PSoC5/cyfitter_cfg.c **** * Summary:
 163:Generated_Source\PSoC5/cyfitter_cfg.c **** *  Performs the initialization of all of the clocks in the device based on the
 164:Generated_Source\PSoC5/cyfitter_cfg.c **** *  settings in the Clock tab of the DWR.  This includes enabling the requested
 165:Generated_Source\PSoC5/cyfitter_cfg.c **** *  clocks and setting the necessary dividers to produce the desired frequency. 
 166:Generated_Source\PSoC5/cyfitter_cfg.c **** *
 167:Generated_Source\PSoC5/cyfitter_cfg.c **** * Parameters:
 168:Generated_Source\PSoC5/cyfitter_cfg.c **** *  void
 169:Generated_Source\PSoC5/cyfitter_cfg.c **** *
 170:Generated_Source\PSoC5/cyfitter_cfg.c **** * Return:
 171:Generated_Source\PSoC5/cyfitter_cfg.c **** *  void
 172:Generated_Source\PSoC5/cyfitter_cfg.c **** *
 173:Generated_Source\PSoC5/cyfitter_cfg.c **** *******************************************************************************/
 174:Generated_Source\PSoC5/cyfitter_cfg.c **** static void ClockSetup(void);
 175:Generated_Source\PSoC5/cyfitter_cfg.c **** static void ClockSetup(void)
 176:Generated_Source\PSoC5/cyfitter_cfg.c **** {
 177:Generated_Source\PSoC5/cyfitter_cfg.c **** 	uint32 timeout;
 178:Generated_Source\PSoC5/cyfitter_cfg.c **** 	uint8 pllLock;
 179:Generated_Source\PSoC5/cyfitter_cfg.c **** 
 180:Generated_Source\PSoC5/cyfitter_cfg.c **** 
 181:Generated_Source\PSoC5/cyfitter_cfg.c **** 	/* Configure ILO based on settings from Clock DWR */
 182:Generated_Source\PSoC5/cyfitter_cfg.c **** 	CY_SET_XTND_REG8((void CYFAR *)(CYREG_SLOWCLK_ILO_CR0), 0x02u);
 183:Generated_Source\PSoC5/cyfitter_cfg.c **** 	CY_SET_XTND_REG8((void CYFAR *)(CYREG_CLKDIST_CR), 0x08u);
ARM GAS  C:\Users\dgitau\AppData\Local\Temp\cc5YjZ52.s 			page 5


 184:Generated_Source\PSoC5/cyfitter_cfg.c **** 
 185:Generated_Source\PSoC5/cyfitter_cfg.c **** 	/* Configure IMO based on settings from Clock DWR */
 186:Generated_Source\PSoC5/cyfitter_cfg.c **** 	CY_SET_XTND_REG8((void CYFAR *)(CYREG_FASTCLK_IMO_CR), 0x03u);
 187:Generated_Source\PSoC5/cyfitter_cfg.c **** 	CY_SET_XTND_REG8((void CYFAR *)(CYREG_IMO_TR1), (CY_GET_XTND_REG8((void CYFAR *)CYREG_FLSHID_CUST_
 188:Generated_Source\PSoC5/cyfitter_cfg.c **** 
 189:Generated_Source\PSoC5/cyfitter_cfg.c **** 	/* Configure PLL based on settings from Clock DWR */
 190:Generated_Source\PSoC5/cyfitter_cfg.c **** 	CY_SET_XTND_REG16((void CYFAR *)(CYREG_FASTCLK_PLL_P), 0x0008u);
 191:Generated_Source\PSoC5/cyfitter_cfg.c **** 	CY_SET_XTND_REG16((void CYFAR *)(CYREG_FASTCLK_PLL_CFG0), 0x1251u);
 192:Generated_Source\PSoC5/cyfitter_cfg.c **** 	/* Wait up to 250us for the PLL to lock */
 193:Generated_Source\PSoC5/cyfitter_cfg.c **** 	pllLock = 0u;
 194:Generated_Source\PSoC5/cyfitter_cfg.c **** 	for (timeout = 250u / 10u; (timeout > 0u) && (pllLock != 0x03u); timeout--)
 195:Generated_Source\PSoC5/cyfitter_cfg.c **** 	{ 
 196:Generated_Source\PSoC5/cyfitter_cfg.c **** 		pllLock = 0x03u & ((uint8)((uint8)pllLock << 1) | ((CY_GET_XTND_REG8((void CYFAR *)CYREG_FASTCLK_
 197:Generated_Source\PSoC5/cyfitter_cfg.c **** 		CyDelayCycles(10u * 48u); /* Delay 10us based on 48MHz clock */
 198:Generated_Source\PSoC5/cyfitter_cfg.c **** 	}
 199:Generated_Source\PSoC5/cyfitter_cfg.c **** 	/* If we ran out of time the PLL didn't lock so go to the error function */
 200:Generated_Source\PSoC5/cyfitter_cfg.c **** 	if (timeout == 0u)
 201:Generated_Source\PSoC5/cyfitter_cfg.c **** 	{
 202:Generated_Source\PSoC5/cyfitter_cfg.c **** 		CyClockStartupError(CYCLOCKSTART_PLL_ERROR);
 203:Generated_Source\PSoC5/cyfitter_cfg.c **** 	}
 204:Generated_Source\PSoC5/cyfitter_cfg.c **** 
 205:Generated_Source\PSoC5/cyfitter_cfg.c **** 	/* Configure Bus/Master Clock based on settings from Clock DWR */
 206:Generated_Source\PSoC5/cyfitter_cfg.c **** 	CY_SET_XTND_REG16((void CYFAR *)(CYREG_CLKDIST_MSTR0), 0x0100u);
 207:Generated_Source\PSoC5/cyfitter_cfg.c **** 	CY_SET_XTND_REG8((void CYFAR *)(CYREG_CLKDIST_MSTR0), 0x07u);
 208:Generated_Source\PSoC5/cyfitter_cfg.c **** 	CY_SET_XTND_REG8((void CYFAR *)(CYREG_CLKDIST_BCFG0), 0x00u);
 209:Generated_Source\PSoC5/cyfitter_cfg.c **** 	CY_SET_XTND_REG8((void CYFAR *)(CYREG_CLKDIST_BCFG2), 0x48u);
 210:Generated_Source\PSoC5/cyfitter_cfg.c **** 	CY_SET_XTND_REG8((void CYFAR *)(CYREG_CLKDIST_MSTR0), 0x00u);
 211:Generated_Source\PSoC5/cyfitter_cfg.c **** 	CY_SET_XTND_REG8((void CYFAR *)(CYREG_CLKDIST_LD), 0x02u);
 212:Generated_Source\PSoC5/cyfitter_cfg.c **** }
 213:Generated_Source\PSoC5/cyfitter_cfg.c **** 
 214:Generated_Source\PSoC5/cyfitter_cfg.c **** 
 215:Generated_Source\PSoC5/cyfitter_cfg.c **** /* Analog API Functions */
 216:Generated_Source\PSoC5/cyfitter_cfg.c **** 
 217:Generated_Source\PSoC5/cyfitter_cfg.c **** 
 218:Generated_Source\PSoC5/cyfitter_cfg.c **** /*******************************************************************************
 219:Generated_Source\PSoC5/cyfitter_cfg.c **** * Function Name: AnalogSetDefault
 220:Generated_Source\PSoC5/cyfitter_cfg.c **** ********************************************************************************
 221:Generated_Source\PSoC5/cyfitter_cfg.c **** *
 222:Generated_Source\PSoC5/cyfitter_cfg.c **** * Summary:
 223:Generated_Source\PSoC5/cyfitter_cfg.c **** *  Sets up the analog portions of the chip to default values based on chip
 224:Generated_Source\PSoC5/cyfitter_cfg.c **** *  configuration options from the project.
 225:Generated_Source\PSoC5/cyfitter_cfg.c **** *
 226:Generated_Source\PSoC5/cyfitter_cfg.c **** * Parameters:
 227:Generated_Source\PSoC5/cyfitter_cfg.c **** *  void
 228:Generated_Source\PSoC5/cyfitter_cfg.c **** *
 229:Generated_Source\PSoC5/cyfitter_cfg.c **** * Return:
 230:Generated_Source\PSoC5/cyfitter_cfg.c **** *  void
 231:Generated_Source\PSoC5/cyfitter_cfg.c **** *
 232:Generated_Source\PSoC5/cyfitter_cfg.c **** *******************************************************************************/
 233:Generated_Source\PSoC5/cyfitter_cfg.c **** static void AnalogSetDefault(void);
 234:Generated_Source\PSoC5/cyfitter_cfg.c **** static void AnalogSetDefault(void)
 235:Generated_Source\PSoC5/cyfitter_cfg.c **** {
  46              		.loc 1 235 0
  47              		.cfi_startproc
  48              		@ args = 0, pretend = 0, frame = 0
  49              		@ frame_needed = 0, uses_anonymous_args = 0
  50              		@ link register save eliminated.
ARM GAS  C:\Users\dgitau\AppData\Local\Temp\cc5YjZ52.s 			page 6


 236:Generated_Source\PSoC5/cyfitter_cfg.c **** 	uint8 bg_xover_inl_trim = CY_GET_XTND_REG8((void CYFAR *)(CYREG_FLSHID_MFG_CFG_BG_XOVER_INL_TRIM +
  51              		.loc 1 236 0
  52 0000 064B     		ldr	r3, .L4
  53 0002 1B78     		ldrb	r3, [r3]	@ zero_extendqisi2
  54 0004 DBB2     		uxtb	r3, r3
  55              	.LVL1:
 237:Generated_Source\PSoC5/cyfitter_cfg.c **** 	CY_SET_XTND_REG8((void CYFAR *)(CYREG_BG_DFT0), (bg_xover_inl_trim & 0x07u));
  56              		.loc 1 237 0
  57 0006 03F00701 		and	r1, r3, #7
  58 000a 054A     		ldr	r2, .L4+4
  59 000c 1170     		strb	r1, [r2]
 238:Generated_Source\PSoC5/cyfitter_cfg.c **** 	CY_SET_XTND_REG8((void CYFAR *)(CYREG_BG_DFT1), ((bg_xover_inl_trim >> 4) & 0x0Fu));
  60              		.loc 1 238 0
  61 000e 1B09     		lsrs	r3, r3, #4
  62              	.LVL2:
  63 0010 0132     		adds	r2, r2, #1
  64 0012 1370     		strb	r3, [r2]
 239:Generated_Source\PSoC5/cyfitter_cfg.c **** 	CY_SET_XTND_REG8((void CYFAR *)CYREG_PUMP_CR0, 0x44u);
  65              		.loc 1 239 0
  66 0014 4422     		movs	r2, #68
  67 0016 034B     		ldr	r3, .L4+8
  68 0018 1A70     		strb	r2, [r3]
  69 001a 7047     		bx	lr
  70              	.L5:
  71              		.align	2
  72              	.L4:
  73 001c CF010049 		.word	1224737231
  74 0020 6E580040 		.word	1073764462
  75 0024 76580040 		.word	1073764470
  76              		.cfi_endproc
  77              	.LFE5:
  78              		.size	AnalogSetDefault, .-AnalogSetDefault
  79              		.section	.text.CYMEMZERO,"ax",%progbits
  80              		.align	2
  81              		.thumb
  82              		.thumb_func
  83              		.type	CYMEMZERO, %function
  84              	CYMEMZERO:
  85              	.LFB0:
  78:Generated_Source\PSoC5/cyfitter_cfg.c **** 	(void)memset(s, 0, n);
  86              		.loc 1 78 0
  87              		.cfi_startproc
  88              		@ args = 0, pretend = 0, frame = 0
  89              		@ frame_needed = 0, uses_anonymous_args = 0
  90              	.LVL3:
  91 0000 08B5     		push	{r3, lr}
  92              		.cfi_def_cfa_offset 8
  93              		.cfi_offset 3, -8
  94              		.cfi_offset 14, -4
  79:Generated_Source\PSoC5/cyfitter_cfg.c **** }
  95              		.loc 1 79 0
  96 0002 0A46     		mov	r2, r1
  97 0004 0021     		movs	r1, #0
  98              	.LVL4:
  99 0006 FFF7FEFF 		bl	memset
 100              	.LVL5:
 101 000a 08BD     		pop	{r3, pc}
ARM GAS  C:\Users\dgitau\AppData\Local\Temp\cc5YjZ52.s 			page 7


 102              		.cfi_endproc
 103              	.LFE0:
 104              		.size	CYMEMZERO, .-CYMEMZERO
 105              		.section	.text.ClockSetup,"ax",%progbits
 106              		.align	2
 107              		.thumb
 108              		.thumb_func
 109              		.type	ClockSetup, %function
 110              	ClockSetup:
 111              	.LFB4:
 176:Generated_Source\PSoC5/cyfitter_cfg.c **** 	uint32 timeout;
 112              		.loc 1 176 0
 113              		.cfi_startproc
 114              		@ args = 0, pretend = 0, frame = 0
 115              		@ frame_needed = 0, uses_anonymous_args = 0
 116 0000 38B5     		push	{r3, r4, r5, lr}
 117              		.cfi_def_cfa_offset 16
 118              		.cfi_offset 3, -16
 119              		.cfi_offset 4, -12
 120              		.cfi_offset 5, -8
 121              		.cfi_offset 14, -4
 182:Generated_Source\PSoC5/cyfitter_cfg.c **** 	CY_SET_XTND_REG8((void CYFAR *)(CYREG_CLKDIST_CR), 0x08u);
 122              		.loc 1 182 0
 123 0002 0222     		movs	r2, #2
 124 0004 1E4B     		ldr	r3, .L14
 125 0006 1A70     		strb	r2, [r3]
 183:Generated_Source\PSoC5/cyfitter_cfg.c **** 
 126              		.loc 1 183 0
 127 0008 0822     		movs	r2, #8
 128 000a 4FF04023 		mov	r3, #1073758208
 129 000e 1A70     		strb	r2, [r3]
 186:Generated_Source\PSoC5/cyfitter_cfg.c **** 	CY_SET_XTND_REG8((void CYFAR *)(CYREG_IMO_TR1), (CY_GET_XTND_REG8((void CYFAR *)CYREG_FLSHID_CUST_
 130              		.loc 1 186 0
 131 0010 0321     		movs	r1, #3
 132 0012 03F50073 		add	r3, r3, #512
 133 0016 1970     		strb	r1, [r3]
 187:Generated_Source\PSoC5/cyfitter_cfg.c **** 
 134              		.loc 1 187 0
 135 0018 1A4B     		ldr	r3, .L14+4
 136 001a 1B78     		ldrb	r3, [r3]	@ zero_extendqisi2
 137 001c DBB2     		uxtb	r3, r3
 138 001e 1A49     		ldr	r1, .L14+8
 139 0020 0B70     		strb	r3, [r1]
 190:Generated_Source\PSoC5/cyfitter_cfg.c **** 	CY_SET_XTND_REG16((void CYFAR *)(CYREG_FASTCLK_PLL_CFG0), 0x1251u);
 140              		.loc 1 190 0
 141 0022 1A4B     		ldr	r3, .L14+12
 142 0024 1A80     		strh	r2, [r3]	@ movhi
 191:Generated_Source\PSoC5/cyfitter_cfg.c **** 	/* Wait up to 250us for the PLL to lock */
 143              		.loc 1 191 0
 144 0026 41F25122 		movw	r2, #4689
 145 002a 023B     		subs	r3, r3, #2
 146 002c 1A80     		strh	r2, [r3]	@ movhi
 147              	.LVL6:
 193:Generated_Source\PSoC5/cyfitter_cfg.c **** 	for (timeout = 250u / 10u; (timeout > 0u) && (pllLock != 0x03u); timeout--)
 148              		.loc 1 193 0
 149 002e 0024     		movs	r4, #0
 194:Generated_Source\PSoC5/cyfitter_cfg.c **** 	{ 
ARM GAS  C:\Users\dgitau\AppData\Local\Temp\cc5YjZ52.s 			page 8


 150              		.loc 1 194 0
 151 0030 1925     		movs	r5, #25
 152 0032 0CE0     		b	.L9
 153              	.LVL7:
 154              	.L11:
 196:Generated_Source\PSoC5/cyfitter_cfg.c **** 		CyDelayCycles(10u * 48u); /* Delay 10us based on 48MHz clock */
 155              		.loc 1 196 0 discriminator 4
 156 0034 164B     		ldr	r3, .L14+16
 157 0036 1B78     		ldrb	r3, [r3]	@ zero_extendqisi2
 158 0038 03F00103 		and	r3, r3, #1
 159 003c 43EA4404 		orr	r4, r3, r4, lsl #1
 160              	.LVL8:
 161 0040 04F00304 		and	r4, r4, #3
 162              	.LVL9:
 197:Generated_Source\PSoC5/cyfitter_cfg.c **** 	}
 163              		.loc 1 197 0 discriminator 4
 164 0044 4FF4F070 		mov	r0, #480
 165 0048 FFF7FEFF 		bl	CyDelayCycles
 166              	.LVL10:
 194:Generated_Source\PSoC5/cyfitter_cfg.c **** 	{ 
 167              		.loc 1 194 0 discriminator 4
 168 004c 013D     		subs	r5, r5, #1
 169              	.LVL11:
 170              	.L9:
 194:Generated_Source\PSoC5/cyfitter_cfg.c **** 	{ 
 171              		.loc 1 194 0 is_stmt 0 discriminator 1
 172 004e 0DB1     		cbz	r5, .L10
 194:Generated_Source\PSoC5/cyfitter_cfg.c **** 	{ 
 173              		.loc 1 194 0 discriminator 3
 174 0050 032C     		cmp	r4, #3
 175 0052 EFD1     		bne	.L11
 176              	.L10:
 200:Generated_Source\PSoC5/cyfitter_cfg.c **** 	{
 177              		.loc 1 200 0 is_stmt 1
 178 0054 15B9     		cbnz	r5, .L12
 202:Generated_Source\PSoC5/cyfitter_cfg.c **** 	}
 179              		.loc 1 202 0
 180 0056 0320     		movs	r0, #3
 181 0058 FFF7FEFF 		bl	CyClockStartupError
 182              	.LVL12:
 183              	.L12:
 206:Generated_Source\PSoC5/cyfitter_cfg.c **** 	CY_SET_XTND_REG8((void CYFAR *)(CYREG_CLKDIST_MSTR0), 0x07u);
 184              		.loc 1 206 0
 185 005c 0D4B     		ldr	r3, .L14+20
 186 005e 4FF48072 		mov	r2, #256
 187 0062 1A80     		strh	r2, [r3]	@ movhi
 207:Generated_Source\PSoC5/cyfitter_cfg.c **** 	CY_SET_XTND_REG8((void CYFAR *)(CYREG_CLKDIST_BCFG0), 0x00u);
 188              		.loc 1 207 0
 189 0064 0722     		movs	r2, #7
 190 0066 1A70     		strb	r2, [r3]
 208:Generated_Source\PSoC5/cyfitter_cfg.c **** 	CY_SET_XTND_REG8((void CYFAR *)(CYREG_CLKDIST_BCFG2), 0x48u);
 191              		.loc 1 208 0
 192 0068 0022     		movs	r2, #0
 193 006a 0B49     		ldr	r1, .L14+24
 194 006c 0A70     		strb	r2, [r1]
 209:Generated_Source\PSoC5/cyfitter_cfg.c **** 	CY_SET_XTND_REG8((void CYFAR *)(CYREG_CLKDIST_MSTR0), 0x00u);
 195              		.loc 1 209 0
ARM GAS  C:\Users\dgitau\AppData\Local\Temp\cc5YjZ52.s 			page 9


 196 006e 4820     		movs	r0, #72
 197 0070 0231     		adds	r1, r1, #2
 198 0072 0870     		strb	r0, [r1]
 210:Generated_Source\PSoC5/cyfitter_cfg.c **** 	CY_SET_XTND_REG8((void CYFAR *)(CYREG_CLKDIST_LD), 0x02u);
 199              		.loc 1 210 0
 200 0074 1A70     		strb	r2, [r3]
 211:Generated_Source\PSoC5/cyfitter_cfg.c **** }
 201              		.loc 1 211 0
 202 0076 0222     		movs	r2, #2
 203 0078 033B     		subs	r3, r3, #3
 204 007a 1A70     		strb	r2, [r3]
 205 007c 38BD     		pop	{r3, r4, r5, pc}
 206              	.LVL13:
 207              	.L15:
 208 007e 00BF     		.align	2
 209              	.L14:
 210 0080 00430040 		.word	1073758976
 211 0084 08010049 		.word	1224737032
 212 0088 A1460040 		.word	1073759905
 213 008c 22420040 		.word	1073758754
 214 0090 25420040 		.word	1073758757
 215 0094 04400040 		.word	1073758212
 216 0098 06400040 		.word	1073758214
 217              		.cfi_endproc
 218              	.LFE4:
 219              		.size	ClockSetup, .-ClockSetup
 220              		.section	.text.CYCONFIGCPY,"ax",%progbits
 221              		.align	2
 222              		.thumb
 223              		.thumb_func
 224              		.type	CYCONFIGCPY, %function
 225              	CYCONFIGCPY:
 226              	.LFB1:
  85:Generated_Source\PSoC5/cyfitter_cfg.c **** 	(void)memcpy(dest, src, n);
 227              		.loc 1 85 0
 228              		.cfi_startproc
 229              		@ args = 0, pretend = 0, frame = 0
 230              		@ frame_needed = 0, uses_anonymous_args = 0
 231              	.LVL14:
 232 0000 08B5     		push	{r3, lr}
 233              		.cfi_def_cfa_offset 8
 234              		.cfi_offset 3, -8
 235              		.cfi_offset 14, -4
  86:Generated_Source\PSoC5/cyfitter_cfg.c **** }
 236              		.loc 1 86 0
 237 0002 FFF7FEFF 		bl	memcpy
 238              	.LVL15:
 239 0006 08BD     		pop	{r3, pc}
 240              		.cfi_endproc
 241              	.LFE1:
 242              		.size	CYCONFIGCPY, .-CYCONFIGCPY
 243              		.section	.text.SetAnalogRoutingPumps,"ax",%progbits
 244              		.align	2
 245              		.global	SetAnalogRoutingPumps
 246              		.thumb
 247              		.thumb_func
 248              		.type	SetAnalogRoutingPumps, %function
ARM GAS  C:\Users\dgitau\AppData\Local\Temp\cc5YjZ52.s 			page 10


 249              	SetAnalogRoutingPumps:
 250              	.LFB6:
 240:Generated_Source\PSoC5/cyfitter_cfg.c **** }
 241:Generated_Source\PSoC5/cyfitter_cfg.c **** 
 242:Generated_Source\PSoC5/cyfitter_cfg.c **** 
 243:Generated_Source\PSoC5/cyfitter_cfg.c **** /*******************************************************************************
 244:Generated_Source\PSoC5/cyfitter_cfg.c **** * Function Name: SetAnalogRoutingPumps
 245:Generated_Source\PSoC5/cyfitter_cfg.c **** ********************************************************************************
 246:Generated_Source\PSoC5/cyfitter_cfg.c **** *
 247:Generated_Source\PSoC5/cyfitter_cfg.c **** * Summary:
 248:Generated_Source\PSoC5/cyfitter_cfg.c **** * Enables or disables the analog pumps feeding analog routing switches.
 249:Generated_Source\PSoC5/cyfitter_cfg.c **** * Intended to be called at startup, based on the Vdda system configuration;
 250:Generated_Source\PSoC5/cyfitter_cfg.c **** * may be called during operation when the user informs us that the Vdda voltage
 251:Generated_Source\PSoC5/cyfitter_cfg.c **** * crossed the pump threshold.
 252:Generated_Source\PSoC5/cyfitter_cfg.c **** *
 253:Generated_Source\PSoC5/cyfitter_cfg.c **** * Parameters:
 254:Generated_Source\PSoC5/cyfitter_cfg.c **** *  enabled - 1 to enable the pumps, 0 to disable the pumps
 255:Generated_Source\PSoC5/cyfitter_cfg.c **** *
 256:Generated_Source\PSoC5/cyfitter_cfg.c **** * Return:
 257:Generated_Source\PSoC5/cyfitter_cfg.c **** *  void
 258:Generated_Source\PSoC5/cyfitter_cfg.c **** *
 259:Generated_Source\PSoC5/cyfitter_cfg.c **** *******************************************************************************/
 260:Generated_Source\PSoC5/cyfitter_cfg.c **** void SetAnalogRoutingPumps(uint8 enabled)
 261:Generated_Source\PSoC5/cyfitter_cfg.c **** {
 251              		.loc 1 261 0
 252              		.cfi_startproc
 253              		@ args = 0, pretend = 0, frame = 0
 254              		@ frame_needed = 0, uses_anonymous_args = 0
 255              		@ link register save eliminated.
 256              	.LVL16:
 262:Generated_Source\PSoC5/cyfitter_cfg.c **** 	uint8 regValue = CY_GET_XTND_REG8((void CYFAR *)CYREG_PUMP_CR0);
 257              		.loc 1 262 0
 258 0000 024A     		ldr	r2, .L19
 259 0002 1378     		ldrb	r3, [r2]	@ zero_extendqisi2
 260 0004 DBB2     		uxtb	r3, r3
 261              	.LVL17:
 263:Generated_Source\PSoC5/cyfitter_cfg.c **** 	if (enabled != 0u)
 264:Generated_Source\PSoC5/cyfitter_cfg.c **** 	{
 265:Generated_Source\PSoC5/cyfitter_cfg.c **** 		regValue |= 0x00u;
 266:Generated_Source\PSoC5/cyfitter_cfg.c **** 	}
 267:Generated_Source\PSoC5/cyfitter_cfg.c **** 	else
 268:Generated_Source\PSoC5/cyfitter_cfg.c **** 	{
 269:Generated_Source\PSoC5/cyfitter_cfg.c **** 		regValue &= (uint8)~0x00u;
 270:Generated_Source\PSoC5/cyfitter_cfg.c **** 	}
 271:Generated_Source\PSoC5/cyfitter_cfg.c **** 	CY_SET_XTND_REG8((void CYFAR *)CYREG_PUMP_CR0, regValue);
 262              		.loc 1 271 0
 263 0006 1370     		strb	r3, [r2]
 264 0008 7047     		bx	lr
 265              	.L20:
 266 000a 00BF     		.align	2
 267              	.L19:
 268 000c 76580040 		.word	1073764470
 269              		.cfi_endproc
 270              	.LFE6:
 271              		.size	SetAnalogRoutingPumps, .-SetAnalogRoutingPumps
 272              		.section	.text.cyfitter_cfg,"ax",%progbits
 273              		.align	2
ARM GAS  C:\Users\dgitau\AppData\Local\Temp\cc5YjZ52.s 			page 11


 274              		.global	cyfitter_cfg
 275              		.thumb
 276              		.thumb_func
 277              		.type	cyfitter_cfg, %function
 278              	cyfitter_cfg:
 279              	.LFB7:
 272:Generated_Source\PSoC5/cyfitter_cfg.c **** }
 273:Generated_Source\PSoC5/cyfitter_cfg.c **** 
 274:Generated_Source\PSoC5/cyfitter_cfg.c **** 
 275:Generated_Source\PSoC5/cyfitter_cfg.c **** 
 276:Generated_Source\PSoC5/cyfitter_cfg.c **** 
 277:Generated_Source\PSoC5/cyfitter_cfg.c **** /*******************************************************************************
 278:Generated_Source\PSoC5/cyfitter_cfg.c **** * Function Name: cyfitter_cfg
 279:Generated_Source\PSoC5/cyfitter_cfg.c **** ********************************************************************************
 280:Generated_Source\PSoC5/cyfitter_cfg.c **** * Summary:
 281:Generated_Source\PSoC5/cyfitter_cfg.c **** *  This function is called by the start-up code for the selected device. It
 282:Generated_Source\PSoC5/cyfitter_cfg.c **** *  performs all of the necessary device configuration based on the design
 283:Generated_Source\PSoC5/cyfitter_cfg.c **** *  settings.  This includes settings from the Design Wide Resources (DWR) such
 284:Generated_Source\PSoC5/cyfitter_cfg.c **** *  as Clocks and Pins as well as any component configuration that is necessary.
 285:Generated_Source\PSoC5/cyfitter_cfg.c **** *
 286:Generated_Source\PSoC5/cyfitter_cfg.c **** * Parameters:
 287:Generated_Source\PSoC5/cyfitter_cfg.c **** *   void
 288:Generated_Source\PSoC5/cyfitter_cfg.c **** *
 289:Generated_Source\PSoC5/cyfitter_cfg.c **** * Return:
 290:Generated_Source\PSoC5/cyfitter_cfg.c **** *   void
 291:Generated_Source\PSoC5/cyfitter_cfg.c **** *
 292:Generated_Source\PSoC5/cyfitter_cfg.c **** *******************************************************************************/
 293:Generated_Source\PSoC5/cyfitter_cfg.c **** 
 294:Generated_Source\PSoC5/cyfitter_cfg.c **** void cyfitter_cfg(void)
 295:Generated_Source\PSoC5/cyfitter_cfg.c **** {
 280              		.loc 1 295 0
 281              		.cfi_startproc
 282              		@ args = 0, pretend = 0, frame = 0
 283              		@ frame_needed = 0, uses_anonymous_args = 0
 284 0000 38B5     		push	{r3, r4, r5, lr}
 285              		.cfi_def_cfa_offset 16
 286              		.cfi_offset 3, -16
 287              		.cfi_offset 4, -12
 288              		.cfi_offset 5, -8
 289              		.cfi_offset 14, -4
 296:Generated_Source\PSoC5/cyfitter_cfg.c **** #ifdef CYGlobalIntDisable
 297:Generated_Source\PSoC5/cyfitter_cfg.c **** 	/* Disable interrupts by default. Let user enable if/when they want. */
 298:Generated_Source\PSoC5/cyfitter_cfg.c **** 	CYGlobalIntDisable
 290              		.loc 1 298 0
 291              		.syntax unified
 292              	@ 298 "Generated_Source\PSoC5\cyfitter_cfg.c" 1
 293 0002 72B6     		CPSID   i
 294              	@ 0 "" 2
 299:Generated_Source\PSoC5/cyfitter_cfg.c **** #endif
 300:Generated_Source\PSoC5/cyfitter_cfg.c **** 
 301:Generated_Source\PSoC5/cyfitter_cfg.c **** 	/* Enable/Disable Debug functionality based on settings from System DWR */
 302:Generated_Source\PSoC5/cyfitter_cfg.c **** 	CY_SET_XTND_REG8((void CYFAR *)CYREG_MLOGIC_DEBUG, (CY_GET_XTND_REG8((void CYFAR *)CYREG_MLOGIC_DE
 295              		.loc 1 302 0
 296              		.thumb
 297              		.syntax unified
 298 0004 1D4A     		ldr	r2, .L25
 299 0006 1378     		ldrb	r3, [r2]	@ zero_extendqisi2
ARM GAS  C:\Users\dgitau\AppData\Local\Temp\cc5YjZ52.s 			page 12


 300 0008 43F00403 		orr	r3, r3, #4
 301 000c 1370     		strb	r3, [r2]
 302              	.LVL18:
 303              	.LBB2:
 303:Generated_Source\PSoC5/cyfitter_cfg.c **** 
 304:Generated_Source\PSoC5/cyfitter_cfg.c **** 	{
 305:Generated_Source\PSoC5/cyfitter_cfg.c **** 
 306:Generated_Source\PSoC5/cyfitter_cfg.c **** 		CYPACKED typedef struct {
 307:Generated_Source\PSoC5/cyfitter_cfg.c **** 			void CYFAR *address;
 308:Generated_Source\PSoC5/cyfitter_cfg.c **** 			uint16 size;
 309:Generated_Source\PSoC5/cyfitter_cfg.c **** 		} CYPACKED_ATTR cfg_memset_t;
 310:Generated_Source\PSoC5/cyfitter_cfg.c **** 
 311:Generated_Source\PSoC5/cyfitter_cfg.c **** 		static const cfg_memset_t CYCODE cfg_memset_list[] = {
 312:Generated_Source\PSoC5/cyfitter_cfg.c **** 			/* address, size */
 313:Generated_Source\PSoC5/cyfitter_cfg.c **** 			{(void CYFAR *)(CYREG_PRT0_DR), 16u},
 314:Generated_Source\PSoC5/cyfitter_cfg.c **** 			{(void CYFAR *)(CYREG_PRT2_DR), 80u},
 315:Generated_Source\PSoC5/cyfitter_cfg.c **** 			{(void CYFAR *)(CYREG_PRT12_DR), 16u},
 316:Generated_Source\PSoC5/cyfitter_cfg.c **** 			{(void CYFAR *)(CYREG_PRT15_DR), 16u},
 317:Generated_Source\PSoC5/cyfitter_cfg.c **** 			{(void CYFAR *)(CYDEV_UCFG_B0_P0_U0_BASE), 4096u},
 318:Generated_Source\PSoC5/cyfitter_cfg.c **** 			{(void CYFAR *)(CYDEV_UCFG_B1_P2_U0_BASE), 2048u},
 319:Generated_Source\PSoC5/cyfitter_cfg.c **** 			{(void CYFAR *)(CYDEV_UCFG_DSI0_BASE), 2560u},
 320:Generated_Source\PSoC5/cyfitter_cfg.c **** 			{(void CYFAR *)(CYDEV_UCFG_DSI12_BASE), 512u},
 321:Generated_Source\PSoC5/cyfitter_cfg.c **** 			{(void CYFAR *)(CYREG_BCTL0_MDCLK_EN), 32u},
 322:Generated_Source\PSoC5/cyfitter_cfg.c **** 		};
 323:Generated_Source\PSoC5/cyfitter_cfg.c **** 
 324:Generated_Source\PSoC5/cyfitter_cfg.c **** 		uint8 CYDATA i;
 325:Generated_Source\PSoC5/cyfitter_cfg.c **** 
 326:Generated_Source\PSoC5/cyfitter_cfg.c **** 		/* Zero out critical memory blocks before beginning configuration */
 327:Generated_Source\PSoC5/cyfitter_cfg.c **** 		for (i = 0u; i < (sizeof(cfg_memset_list)/sizeof(cfg_memset_list[0])); i++)
 304              		.loc 1 327 0
 305 000e 0024     		movs	r4, #0
 306 0010 0CE0     		b	.L22
 307              	.LVL19:
 308              	.L23:
 309              	.LBB3:
 328:Generated_Source\PSoC5/cyfitter_cfg.c **** 		{
 329:Generated_Source\PSoC5/cyfitter_cfg.c **** 			const cfg_memset_t CYCODE * CYDATA ms = &cfg_memset_list[i];
 330:Generated_Source\PSoC5/cyfitter_cfg.c **** 			CYMEMZERO(ms->address, (size_t)(uint32)(ms->size));
 310              		.loc 1 330 0 discriminator 3
 311 0012 1B4D     		ldr	r5, .L25+4
 312 0014 6300     		lsls	r3, r4, #1
 313 0016 1919     		adds	r1, r3, r4
 314 0018 4A00     		lsls	r2, r1, #1
 315 001a 1146     		mov	r1, r2
 316 001c 2A44     		add	r2, r2, r5
 317 001e 0846     		mov	r0, r1
 318 0020 9188     		ldrh	r1, [r2, #4]
 319 0022 2858     		ldr	r0, [r5, r0]	@ unaligned
 320 0024 FFF7FEFF 		bl	CYMEMZERO
 321              	.LVL20:
 322              	.LBE3:
 327:Generated_Source\PSoC5/cyfitter_cfg.c **** 		{
 323              		.loc 1 327 0 discriminator 3
 324 0028 0134     		adds	r4, r4, #1
 325              	.LVL21:
 326 002a E4B2     		uxtb	r4, r4
 327              	.LVL22:
ARM GAS  C:\Users\dgitau\AppData\Local\Temp\cc5YjZ52.s 			page 13


 328              	.L22:
 327:Generated_Source\PSoC5/cyfitter_cfg.c **** 		{
 329              		.loc 1 327 0 is_stmt 0 discriminator 1
 330 002c 082C     		cmp	r4, #8
 331 002e F0D9     		bls	.L23
 331:Generated_Source\PSoC5/cyfitter_cfg.c **** 		}
 332:Generated_Source\PSoC5/cyfitter_cfg.c **** 
 333:Generated_Source\PSoC5/cyfitter_cfg.c **** 		/* Enable digital routing */
 334:Generated_Source\PSoC5/cyfitter_cfg.c **** 		CY_SET_XTND_REG8((void CYFAR *)CYREG_BCTL0_BANK_CTL, CY_GET_XTND_REG8((void CYFAR *)CYREG_BCTL0_B
 332              		.loc 1 334 0 is_stmt 1
 333 0030 144A     		ldr	r2, .L25+8
 334 0032 1378     		ldrb	r3, [r2]	@ zero_extendqisi2
 335 0034 43F00203 		orr	r3, r3, #2
 336 0038 1370     		strb	r3, [r2]
 335:Generated_Source\PSoC5/cyfitter_cfg.c **** 		CY_SET_XTND_REG8((void CYFAR *)CYREG_BCTL1_BANK_CTL, CY_GET_XTND_REG8((void CYFAR *)CYREG_BCTL1_B
 337              		.loc 1 335 0
 338 003a 1032     		adds	r2, r2, #16
 339 003c 1378     		ldrb	r3, [r2]	@ zero_extendqisi2
 340 003e 43F00203 		orr	r3, r3, #2
 341 0042 1370     		strb	r3, [r2]
 342              	.LBE2:
 336:Generated_Source\PSoC5/cyfitter_cfg.c **** 	}
 337:Generated_Source\PSoC5/cyfitter_cfg.c **** 
 338:Generated_Source\PSoC5/cyfitter_cfg.c **** 
 339:Generated_Source\PSoC5/cyfitter_cfg.c **** 	/* Perform second pass device configuration. These items must be configured in specific order afte
 340:Generated_Source\PSoC5/cyfitter_cfg.c **** 	CYCONFIGCPY((void CYFAR *)(CYREG_PRT1_DM0), (const void CYFAR *)(BS_IOPINS0_1_VAL), 8u);
 343              		.loc 1 340 0
 344 0044 0822     		movs	r2, #8
 345 0046 4FF09041 		mov	r1, #1207959552
 346 004a 0F48     		ldr	r0, .L25+12
 347 004c FFF7FEFF 		bl	CYCONFIGCPY
 348              	.LVL23:
 341:Generated_Source\PSoC5/cyfitter_cfg.c **** 	/* Switch Boost to the precision bandgap reference from its internal reference */
 342:Generated_Source\PSoC5/cyfitter_cfg.c **** 	CY_SET_REG8((void CYXDATA *)CYREG_BOOST_CR2, (CY_GET_REG8((void CYXDATA *)CYREG_BOOST_CR2) | 0x08u
 349              		.loc 1 342 0
 350 0050 0E4A     		ldr	r2, .L25+16
 351 0052 1378     		ldrb	r3, [r2]	@ zero_extendqisi2
 352 0054 43F00803 		orr	r3, r3, #8
 353 0058 1370     		strb	r3, [r2]
 343:Generated_Source\PSoC5/cyfitter_cfg.c **** 
 344:Generated_Source\PSoC5/cyfitter_cfg.c **** 	/* Set Flash Cycles based on max possible frequency in case a glitch occurs during ClockSetup(). *
 345:Generated_Source\PSoC5/cyfitter_cfg.c **** 	CY_SET_XTND_REG8((void CYFAR *)(CYREG_CACHE_CC_CTL), (((CYDEV_INSTRUCT_CACHE_ENABLED) != 0) ? 0x01
 354              		.loc 1 345 0
 355 005a 0D4D     		ldr	r5, .L25+20
 356 005c 0124     		movs	r4, #1
 357              	.LVL24:
 358 005e 2C70     		strb	r4, [r5]
 346:Generated_Source\PSoC5/cyfitter_cfg.c **** 	/* Setup clocks based on selections from Clock DWR */
 347:Generated_Source\PSoC5/cyfitter_cfg.c **** 	ClockSetup();
 359              		.loc 1 347 0
 360 0060 FFF7FEFF 		bl	ClockSetup
 361              	.LVL25:
 348:Generated_Source\PSoC5/cyfitter_cfg.c **** 	/* Set Flash Cycles based on newly configured 24.00MHz Bus Clock. */
 349:Generated_Source\PSoC5/cyfitter_cfg.c **** 	CY_SET_XTND_REG8((void CYFAR *)(CYREG_CACHE_CC_CTL), (((CYDEV_INSTRUCT_CACHE_ENABLED) != 0) ? 0x81
 362              		.loc 1 349 0
 363 0064 8123     		movs	r3, #129
 364 0066 2B70     		strb	r3, [r5]
ARM GAS  C:\Users\dgitau\AppData\Local\Temp\cc5YjZ52.s 			page 14


 350:Generated_Source\PSoC5/cyfitter_cfg.c **** 	CY_SET_XTND_REG8((void CYFAR *)(CYREG_PANTHER_WAITPIPE), 0x01u);
 365              		.loc 1 350 0
 366 0068 0A4B     		ldr	r3, .L25+24
 367 006a 1C70     		strb	r4, [r3]
 351:Generated_Source\PSoC5/cyfitter_cfg.c **** 
 352:Generated_Source\PSoC5/cyfitter_cfg.c **** 	/* Perform basic analog initialization to defaults */
 353:Generated_Source\PSoC5/cyfitter_cfg.c **** 	AnalogSetDefault();
 368              		.loc 1 353 0
 369 006c FFF7FEFF 		bl	AnalogSetDefault
 370              	.LVL26:
 354:Generated_Source\PSoC5/cyfitter_cfg.c **** 
 355:Generated_Source\PSoC5/cyfitter_cfg.c **** 	/* Configure alternate active mode */
 356:Generated_Source\PSoC5/cyfitter_cfg.c **** 	CYCONFIGCPY((void CYFAR *)CYDEV_PM_STBY_BASE, (const void CYFAR *)CYDEV_PM_ACT_BASE, 14u);
 371              		.loc 1 356 0
 372 0070 0E22     		movs	r2, #14
 373 0072 0949     		ldr	r1, .L25+28
 374 0074 0948     		ldr	r0, .L25+32
 375 0076 FFF7FEFF 		bl	CYCONFIGCPY
 376              	.LVL27:
 377 007a 38BD     		pop	{r3, r4, r5, pc}
 378              	.L26:
 379              		.align	2
 380              	.L25:
 381 007c E8460040 		.word	1073759976
 382 0080 00000000 		.word	.LANCHOR0
 383 0084 03500140 		.word	1073827843
 384 0088 12510040 		.word	1073762578
 385 008c 22430040 		.word	1073759010
 386 0090 00480040 		.word	1073760256
 387 0094 04000840 		.word	1074266116
 388 0098 A0430040 		.word	1073759136
 389 009c B0430040 		.word	1073759152
 390              		.cfi_endproc
 391              	.LFE7:
 392              		.size	cyfitter_cfg, .-cyfitter_cfg
 393              		.section	.rodata
 394              		.align	2
 395              		.set	.LANCHOR0,. + 0
 396              		.type	cfg_memset_list.4982, %object
 397              		.size	cfg_memset_list.4982, 54
 398              	cfg_memset_list.4982:
 399 0000 00510040 		.word	1073762560
 400 0004 1000     		.short	16
 401 0006 20510040 		.4byte	1073762592
 402 000a 5000     		.short	80
 403 000c C0510040 		.word	1073762752
 404 0010 1000     		.short	16
 405 0012 F0510040 		.4byte	1073762800
 406 0016 1000     		.short	16
 407 0018 00000140 		.word	1073807360
 408 001c 0010     		.short	4096
 409 001e 00140140 		.4byte	1073812480
 410 0022 0008     		.short	2048
 411 0024 00400140 		.word	1073823744
 412 0028 000A     		.short	2560
 413 002a 004C0140 		.4byte	1073826816
 414 002e 0002     		.short	512
ARM GAS  C:\Users\dgitau\AppData\Local\Temp\cc5YjZ52.s 			page 15


 415 0030 00500140 		.word	1073827840
 416 0034 2000     		.short	32
 417              		.text
 418              	.Letext0:
 419              		.file 2 "c:\\program files (x86)\\cypress\\psoc creator\\4.1\\psoc creator\\import\\gnu\\arm\\5.4.
 420              		.file 3 "Generated_Source\\PSoC5\\cytypes.h"
 421              		.file 4 "Generated_Source\\PSoC5\\CyLib.h"
 422              		.section	.debug_info,"",%progbits
 423              	.Ldebug_info0:
 424 0000 A8030000 		.4byte	0x3a8
 425 0004 0400     		.2byte	0x4
 426 0006 00000000 		.4byte	.Ldebug_abbrev0
 427 000a 04       		.byte	0x4
 428 000b 01       		.uleb128 0x1
 429 000c 8E000000 		.4byte	.LASF39
 430 0010 0C       		.byte	0xc
 431 0011 EA010000 		.4byte	.LASF40
 432 0015 21020000 		.4byte	.LASF41
 433 0019 00000000 		.4byte	.Ldebug_ranges0+0
 434 001d 00000000 		.4byte	0
 435 0021 00000000 		.4byte	.Ldebug_line0
 436 0025 02       		.uleb128 0x2
 437 0026 04       		.byte	0x4
 438 0027 05       		.byte	0x5
 439 0028 696E7400 		.ascii	"int\000"
 440 002c 03       		.uleb128 0x3
 441 002d 14000000 		.4byte	.LASF12
 442 0031 02       		.byte	0x2
 443 0032 D8       		.byte	0xd8
 444 0033 37000000 		.4byte	0x37
 445 0037 04       		.uleb128 0x4
 446 0038 04       		.byte	0x4
 447 0039 07       		.byte	0x7
 448 003a 9A010000 		.4byte	.LASF0
 449 003e 04       		.uleb128 0x4
 450 003f 08       		.byte	0x8
 451 0040 05       		.byte	0x5
 452 0041 DC010000 		.4byte	.LASF1
 453 0045 04       		.uleb128 0x4
 454 0046 08       		.byte	0x8
 455 0047 04       		.byte	0x4
 456 0048 6B020000 		.4byte	.LASF2
 457 004c 04       		.uleb128 0x4
 458 004d 01       		.byte	0x1
 459 004e 06       		.byte	0x6
 460 004f 89020000 		.4byte	.LASF3
 461 0053 04       		.uleb128 0x4
 462 0054 01       		.byte	0x1
 463 0055 08       		.byte	0x8
 464 0056 59010000 		.4byte	.LASF4
 465 005a 04       		.uleb128 0x4
 466 005b 02       		.byte	0x2
 467 005c 05       		.byte	0x5
 468 005d 17020000 		.4byte	.LASF5
 469 0061 04       		.uleb128 0x4
 470 0062 02       		.byte	0x2
 471 0063 07       		.byte	0x7
ARM GAS  C:\Users\dgitau\AppData\Local\Temp\cc5YjZ52.s 			page 16


 472 0064 4F000000 		.4byte	.LASF6
 473 0068 04       		.uleb128 0x4
 474 0069 04       		.byte	0x4
 475 006a 05       		.byte	0x5
 476 006b 5D020000 		.4byte	.LASF7
 477 006f 04       		.uleb128 0x4
 478 0070 04       		.byte	0x4
 479 0071 07       		.byte	0x7
 480 0072 21010000 		.4byte	.LASF8
 481 0076 04       		.uleb128 0x4
 482 0077 08       		.byte	0x8
 483 0078 07       		.byte	0x7
 484 0079 AF010000 		.4byte	.LASF9
 485 007d 04       		.uleb128 0x4
 486 007e 04       		.byte	0x4
 487 007f 07       		.byte	0x7
 488 0080 D3010000 		.4byte	.LASF10
 489 0084 05       		.uleb128 0x5
 490 0085 04       		.byte	0x4
 491 0086 04       		.uleb128 0x4
 492 0087 01       		.byte	0x1
 493 0088 08       		.byte	0x8
 494 0089 66020000 		.4byte	.LASF11
 495 008d 06       		.uleb128 0x6
 496 008e 33010000 		.4byte	.LASF13
 497 0092 03       		.byte	0x3
 498 0093 9201     		.2byte	0x192
 499 0095 53000000 		.4byte	0x53
 500 0099 06       		.uleb128 0x6
 501 009a 82010000 		.4byte	.LASF14
 502 009e 03       		.byte	0x3
 503 009f 9301     		.2byte	0x193
 504 00a1 61000000 		.4byte	0x61
 505 00a5 06       		.uleb128 0x6
 506 00a6 93010000 		.4byte	.LASF15
 507 00aa 03       		.byte	0x3
 508 00ab 9401     		.2byte	0x194
 509 00ad 6F000000 		.4byte	0x6f
 510 00b1 04       		.uleb128 0x4
 511 00b2 04       		.byte	0x4
 512 00b3 04       		.byte	0x4
 513 00b4 6A000000 		.4byte	.LASF16
 514 00b8 04       		.uleb128 0x4
 515 00b9 08       		.byte	0x8
 516 00ba 04       		.byte	0x4
 517 00bb 6E010000 		.4byte	.LASF17
 518 00bf 06       		.uleb128 0x6
 519 00c0 1C010000 		.4byte	.LASF18
 520 00c4 03       		.byte	0x3
 521 00c5 3C02     		.2byte	0x23c
 522 00c7 CB000000 		.4byte	0xcb
 523 00cb 07       		.uleb128 0x7
 524 00cc 8D000000 		.4byte	0x8d
 525 00d0 06       		.uleb128 0x6
 526 00d1 00000000 		.4byte	.LASF19
 527 00d5 03       		.byte	0x3
 528 00d6 3D02     		.2byte	0x23d
ARM GAS  C:\Users\dgitau\AppData\Local\Temp\cc5YjZ52.s 			page 17


 529 00d8 DC000000 		.4byte	0xdc
 530 00dc 07       		.uleb128 0x7
 531 00dd 99000000 		.4byte	0x99
 532 00e1 08       		.uleb128 0x8
 533 00e2 70000000 		.4byte	.LASF42
 534 00e6 01       		.byte	0x1
 535 00e7 7E       		.byte	0x7e
 536 00e8 00000000 		.4byte	.LFB3
 537 00ec 02000000 		.4byte	.LFE3-.LFB3
 538 00f0 01       		.uleb128 0x1
 539 00f1 9C       		.byte	0x9c
 540 00f2 04010000 		.4byte	0x104
 541 00f6 09       		.uleb128 0x9
 542 00f7 89010000 		.4byte	.LASF22
 543 00fb 01       		.byte	0x1
 544 00fc 7E       		.byte	0x7e
 545 00fd 8D000000 		.4byte	0x8d
 546 0101 01       		.uleb128 0x1
 547 0102 50       		.byte	0x50
 548 0103 00       		.byte	0
 549 0104 0A       		.uleb128 0xa
 550 0105 1B000000 		.4byte	.LASF20
 551 0109 01       		.byte	0x1
 552 010a EA       		.byte	0xea
 553 010b 00000000 		.4byte	.LFB5
 554 010f 28000000 		.4byte	.LFE5-.LFB5
 555 0113 01       		.uleb128 0x1
 556 0114 9C       		.byte	0x9c
 557 0115 29010000 		.4byte	0x129
 558 0119 0B       		.uleb128 0xb
 559 011a 77020000 		.4byte	.LASF24
 560 011e 01       		.byte	0x1
 561 011f EC       		.byte	0xec
 562 0120 8D000000 		.4byte	0x8d
 563 0124 00000000 		.4byte	.LLST0
 564 0128 00       		.byte	0
 565 0129 0A       		.uleb128 0xa
 566 012a 39010000 		.4byte	.LASF21
 567 012e 01       		.byte	0x1
 568 012f 4D       		.byte	0x4d
 569 0130 00000000 		.4byte	.LFB0
 570 0134 0C000000 		.4byte	.LFE0-.LFB0
 571 0138 01       		.uleb128 0x1
 572 0139 9C       		.byte	0x9c
 573 013a 76010000 		.4byte	0x176
 574 013e 0C       		.uleb128 0xc
 575 013f 7300     		.ascii	"s\000"
 576 0141 01       		.byte	0x1
 577 0142 4D       		.byte	0x4d
 578 0143 84000000 		.4byte	0x84
 579 0147 13000000 		.4byte	.LLST1
 580 014b 0C       		.uleb128 0xc
 581 014c 6E00     		.ascii	"n\000"
 582 014e 01       		.byte	0x1
 583 014f 4D       		.byte	0x4d
 584 0150 2C000000 		.4byte	0x2c
 585 0154 34000000 		.4byte	.LLST2
ARM GAS  C:\Users\dgitau\AppData\Local\Temp\cc5YjZ52.s 			page 18


 586 0158 0D       		.uleb128 0xd
 587 0159 0A000000 		.4byte	.LVL5
 588 015d 8E030000 		.4byte	0x38e
 589 0161 0E       		.uleb128 0xe
 590 0162 01       		.uleb128 0x1
 591 0163 50       		.byte	0x50
 592 0164 03       		.uleb128 0x3
 593 0165 F3       		.byte	0xf3
 594 0166 01       		.uleb128 0x1
 595 0167 50       		.byte	0x50
 596 0168 0E       		.uleb128 0xe
 597 0169 01       		.uleb128 0x1
 598 016a 51       		.byte	0x51
 599 016b 01       		.uleb128 0x1
 600 016c 30       		.byte	0x30
 601 016d 0E       		.uleb128 0xe
 602 016e 01       		.uleb128 0x1
 603 016f 52       		.byte	0x52
 604 0170 03       		.uleb128 0x3
 605 0171 F3       		.byte	0xf3
 606 0172 01       		.uleb128 0x1
 607 0173 51       		.byte	0x51
 608 0174 00       		.byte	0
 609 0175 00       		.byte	0
 610 0176 0A       		.uleb128 0xa
 611 0177 44000000 		.4byte	.LASF23
 612 017b 01       		.byte	0x1
 613 017c AF       		.byte	0xaf
 614 017d 00000000 		.4byte	.LFB4
 615 0181 9C000000 		.4byte	.LFE4-.LFB4
 616 0185 01       		.uleb128 0x1
 617 0186 9C       		.byte	0x9c
 618 0187 CE010000 		.4byte	0x1ce
 619 018b 0B       		.uleb128 0xb
 620 018c 2C000000 		.4byte	.LASF25
 621 0190 01       		.byte	0x1
 622 0191 B1       		.byte	0xb1
 623 0192 A5000000 		.4byte	0xa5
 624 0196 60000000 		.4byte	.LLST3
 625 019a 0B       		.uleb128 0xb
 626 019b 62000000 		.4byte	.LASF26
 627 019f 01       		.byte	0x1
 628 01a0 B2       		.byte	0xb2
 629 01a1 8D000000 		.4byte	0x8d
 630 01a5 7F000000 		.4byte	.LLST4
 631 01a9 0F       		.uleb128 0xf
 632 01aa 4C000000 		.4byte	.LVL10
 633 01ae 97030000 		.4byte	0x397
 634 01b2 BE010000 		.4byte	0x1be
 635 01b6 0E       		.uleb128 0xe
 636 01b7 01       		.uleb128 0x1
 637 01b8 50       		.byte	0x50
 638 01b9 03       		.uleb128 0x3
 639 01ba 0A       		.byte	0xa
 640 01bb E001     		.2byte	0x1e0
 641 01bd 00       		.byte	0
 642 01be 0D       		.uleb128 0xd
ARM GAS  C:\Users\dgitau\AppData\Local\Temp\cc5YjZ52.s 			page 19


 643 01bf 5C000000 		.4byte	.LVL12
 644 01c3 E1000000 		.4byte	0xe1
 645 01c7 0E       		.uleb128 0xe
 646 01c8 01       		.uleb128 0x1
 647 01c9 50       		.byte	0x50
 648 01ca 01       		.uleb128 0x1
 649 01cb 33       		.byte	0x33
 650 01cc 00       		.byte	0
 651 01cd 00       		.byte	0
 652 01ce 0A       		.uleb128 0xa
 653 01cf 9E020000 		.4byte	.LASF27
 654 01d3 01       		.byte	0x1
 655 01d4 54       		.byte	0x54
 656 01d5 00000000 		.4byte	.LFB1
 657 01d9 08000000 		.4byte	.LFE1-.LFB1
 658 01dd 01       		.uleb128 0x1
 659 01de 9C       		.byte	0x9c
 660 01df 2E020000 		.4byte	0x22e
 661 01e3 10       		.uleb128 0x10
 662 01e4 84000000 		.4byte	.LASF28
 663 01e8 01       		.byte	0x1
 664 01e9 54       		.byte	0x54
 665 01ea 84000000 		.4byte	0x84
 666 01ee A9000000 		.4byte	.LLST5
 667 01f2 0C       		.uleb128 0xc
 668 01f3 73726300 		.ascii	"src\000"
 669 01f7 01       		.byte	0x1
 670 01f8 54       		.byte	0x54
 671 01f9 2E020000 		.4byte	0x22e
 672 01fd CA000000 		.4byte	.LLST6
 673 0201 0C       		.uleb128 0xc
 674 0202 6E00     		.ascii	"n\000"
 675 0204 01       		.byte	0x1
 676 0205 54       		.byte	0x54
 677 0206 2C000000 		.4byte	0x2c
 678 020a EB000000 		.4byte	.LLST7
 679 020e 0D       		.uleb128 0xd
 680 020f 06000000 		.4byte	.LVL15
 681 0213 A2030000 		.4byte	0x3a2
 682 0217 0E       		.uleb128 0xe
 683 0218 01       		.uleb128 0x1
 684 0219 50       		.byte	0x50
 685 021a 03       		.uleb128 0x3
 686 021b F3       		.byte	0xf3
 687 021c 01       		.uleb128 0x1
 688 021d 50       		.byte	0x50
 689 021e 0E       		.uleb128 0xe
 690 021f 01       		.uleb128 0x1
 691 0220 51       		.byte	0x51
 692 0221 03       		.uleb128 0x3
 693 0222 F3       		.byte	0xf3
 694 0223 01       		.uleb128 0x1
 695 0224 51       		.byte	0x51
 696 0225 0E       		.uleb128 0xe
 697 0226 01       		.uleb128 0x1
 698 0227 52       		.byte	0x52
 699 0228 03       		.uleb128 0x3
ARM GAS  C:\Users\dgitau\AppData\Local\Temp\cc5YjZ52.s 			page 20


 700 0229 F3       		.byte	0xf3
 701 022a 01       		.uleb128 0x1
 702 022b 52       		.byte	0x52
 703 022c 00       		.byte	0
 704 022d 00       		.byte	0
 705 022e 11       		.uleb128 0x11
 706 022f 04       		.byte	0x4
 707 0230 34020000 		.4byte	0x234
 708 0234 12       		.uleb128 0x12
 709 0235 13       		.uleb128 0x13
 710 0236 43010000 		.4byte	.LASF31
 711 023a 01       		.byte	0x1
 712 023b 0401     		.2byte	0x104
 713 023d 00000000 		.4byte	.LFB6
 714 0241 10000000 		.4byte	.LFE6-.LFB6
 715 0245 01       		.uleb128 0x1
 716 0246 9C       		.byte	0x9c
 717 0247 68020000 		.4byte	0x268
 718 024b 14       		.uleb128 0x14
 719 024c 55020000 		.4byte	.LASF29
 720 0250 01       		.byte	0x1
 721 0251 0401     		.2byte	0x104
 722 0253 8D000000 		.4byte	0x8d
 723 0257 01       		.uleb128 0x1
 724 0258 50       		.byte	0x50
 725 0259 15       		.uleb128 0x15
 726 025a 95020000 		.4byte	.LASF30
 727 025e 01       		.byte	0x1
 728 025f 0601     		.2byte	0x106
 729 0261 8D000000 		.4byte	0x8d
 730 0265 01       		.uleb128 0x1
 731 0266 53       		.byte	0x53
 732 0267 00       		.byte	0
 733 0268 13       		.uleb128 0x13
 734 0269 75010000 		.4byte	.LASF32
 735 026d 01       		.byte	0x1
 736 026e 2601     		.2byte	0x126
 737 0270 00000000 		.4byte	.LFB7
 738 0274 A0000000 		.4byte	.LFE7-.LFB7
 739 0278 01       		.uleb128 0x1
 740 0279 9C       		.byte	0x9c
 741 027a 8E030000 		.4byte	0x38e
 742 027e 16       		.uleb128 0x16
 743 027f 0E000000 		.4byte	.LBB2
 744 0283 36000000 		.4byte	.LBE2-.LBB2
 745 0287 37030000 		.4byte	0x337
 746 028b 17       		.uleb128 0x17
 747 028c 06       		.byte	0x6
 748 028d 01       		.byte	0x1
 749 028e 3201     		.2byte	0x132
 750 0290 AF020000 		.4byte	0x2af
 751 0294 18       		.uleb128 0x18
 752 0295 A7010000 		.4byte	.LASF33
 753 0299 01       		.byte	0x1
 754 029a 3301     		.2byte	0x133
 755 029c 84000000 		.4byte	0x84
 756 02a0 00       		.byte	0
ARM GAS  C:\Users\dgitau\AppData\Local\Temp\cc5YjZ52.s 			page 21


 757 02a1 18       		.uleb128 0x18
 758 02a2 89000000 		.4byte	.LASF34
 759 02a6 01       		.byte	0x1
 760 02a7 3401     		.2byte	0x134
 761 02a9 99000000 		.4byte	0x99
 762 02ad 04       		.byte	0x4
 763 02ae 00       		.byte	0
 764 02af 06       		.uleb128 0x6
 765 02b0 C6010000 		.4byte	.LASF35
 766 02b4 01       		.byte	0x1
 767 02b5 3501     		.2byte	0x135
 768 02b7 8B020000 		.4byte	0x28b
 769 02bb 19       		.uleb128 0x19
 770 02bc CB020000 		.4byte	0x2cb
 771 02c0 CB020000 		.4byte	0x2cb
 772 02c4 1A       		.uleb128 0x1a
 773 02c5 7D000000 		.4byte	0x7d
 774 02c9 08       		.byte	0x8
 775 02ca 00       		.byte	0
 776 02cb 1B       		.uleb128 0x1b
 777 02cc AF020000 		.4byte	0x2af
 778 02d0 15       		.uleb128 0x15
 779 02d1 34000000 		.4byte	.LASF36
 780 02d5 01       		.byte	0x1
 781 02d6 3701     		.2byte	0x137
 782 02d8 E2020000 		.4byte	0x2e2
 783 02dc 05       		.uleb128 0x5
 784 02dd 03       		.byte	0x3
 785 02de 00000000 		.4byte	cfg_memset_list.4982
 786 02e2 1B       		.uleb128 0x1b
 787 02e3 BB020000 		.4byte	0x2bb
 788 02e7 1C       		.uleb128 0x1c
 789 02e8 6900     		.ascii	"i\000"
 790 02ea 01       		.byte	0x1
 791 02eb 4401     		.2byte	0x144
 792 02ed 8D000000 		.4byte	0x8d
 793 02f1 0C010000 		.4byte	.LLST8
 794 02f5 1D       		.uleb128 0x1d
 795 02f6 12000000 		.4byte	.LBB3
 796 02fa 16000000 		.4byte	.LBE3-.LBB3
 797 02fe 1C       		.uleb128 0x1c
 798 02ff 6D7300   		.ascii	"ms\000"
 799 0302 01       		.byte	0x1
 800 0303 4901     		.2byte	0x149
 801 0305 0D030000 		.4byte	0x30d
 802 0309 36010000 		.4byte	.LLST9
 803 030d 11       		.uleb128 0x11
 804 030e 04       		.byte	0x4
 805 030f CB020000 		.4byte	0x2cb
 806 0313 0D       		.uleb128 0xd
 807 0314 28000000 		.4byte	.LVL20
 808 0318 29010000 		.4byte	0x129
 809 031c 0E       		.uleb128 0xe
 810 031d 01       		.uleb128 0x1
 811 031e 51       		.byte	0x51
 812 031f 14       		.uleb128 0x14
 813 0320 74       		.byte	0x74
ARM GAS  C:\Users\dgitau\AppData\Local\Temp\cc5YjZ52.s 			page 22


 814 0321 00       		.sleb128 0
 815 0322 31       		.byte	0x31
 816 0323 24       		.byte	0x24
 817 0324 74       		.byte	0x74
 818 0325 00       		.sleb128 0
 819 0326 22       		.byte	0x22
 820 0327 31       		.byte	0x31
 821 0328 24       		.byte	0x24
 822 0329 75       		.byte	0x75
 823 032a 00       		.sleb128 0
 824 032b 22       		.byte	0x22
 825 032c 23       		.byte	0x23
 826 032d 04       		.uleb128 0x4
 827 032e 94       		.byte	0x94
 828 032f 02       		.byte	0x2
 829 0330 0A       		.byte	0xa
 830 0331 FFFF     		.2byte	0xffff
 831 0333 1A       		.byte	0x1a
 832 0334 00       		.byte	0
 833 0335 00       		.byte	0
 834 0336 00       		.byte	0
 835 0337 0F       		.uleb128 0xf
 836 0338 50000000 		.4byte	.LVL23
 837 033c CE010000 		.4byte	0x1ce
 838 0340 5A030000 		.4byte	0x35a
 839 0344 0E       		.uleb128 0xe
 840 0345 01       		.uleb128 0x1
 841 0346 50       		.byte	0x50
 842 0347 05       		.uleb128 0x5
 843 0348 0C       		.byte	0xc
 844 0349 12510040 		.4byte	0x40005112
 845 034d 0E       		.uleb128 0xe
 846 034e 01       		.uleb128 0x1
 847 034f 51       		.byte	0x51
 848 0350 03       		.uleb128 0x3
 849 0351 42       		.byte	0x42
 850 0352 4A       		.byte	0x4a
 851 0353 24       		.byte	0x24
 852 0354 0E       		.uleb128 0xe
 853 0355 01       		.uleb128 0x1
 854 0356 52       		.byte	0x52
 855 0357 01       		.uleb128 0x1
 856 0358 38       		.byte	0x38
 857 0359 00       		.byte	0
 858 035a 1E       		.uleb128 0x1e
 859 035b 64000000 		.4byte	.LVL25
 860 035f 76010000 		.4byte	0x176
 861 0363 1E       		.uleb128 0x1e
 862 0364 70000000 		.4byte	.LVL26
 863 0368 04010000 		.4byte	0x104
 864 036c 0D       		.uleb128 0xd
 865 036d 7A000000 		.4byte	.LVL27
 866 0371 CE010000 		.4byte	0x1ce
 867 0375 0E       		.uleb128 0xe
 868 0376 01       		.uleb128 0x1
 869 0377 50       		.byte	0x50
 870 0378 05       		.uleb128 0x5
ARM GAS  C:\Users\dgitau\AppData\Local\Temp\cc5YjZ52.s 			page 23


 871 0379 0C       		.byte	0xc
 872 037a B0430040 		.4byte	0x400043b0
 873 037e 0E       		.uleb128 0xe
 874 037f 01       		.uleb128 0x1
 875 0380 51       		.byte	0x51
 876 0381 05       		.uleb128 0x5
 877 0382 0C       		.byte	0xc
 878 0383 A0430040 		.4byte	0x400043a0
 879 0387 0E       		.uleb128 0xe
 880 0388 01       		.uleb128 0x1
 881 0389 52       		.byte	0x52
 882 038a 01       		.uleb128 0x1
 883 038b 3E       		.byte	0x3e
 884 038c 00       		.byte	0
 885 038d 00       		.byte	0
 886 038e 1F       		.uleb128 0x1f
 887 038f 67010000 		.4byte	.LASF37
 888 0393 67010000 		.4byte	.LASF37
 889 0397 20       		.uleb128 0x20
 890 0398 06000000 		.4byte	.LASF43
 891 039c 06000000 		.4byte	.LASF43
 892 03a0 04       		.byte	0x4
 893 03a1 79       		.byte	0x79
 894 03a2 1F       		.uleb128 0x1f
 895 03a3 10020000 		.4byte	.LASF38
 896 03a7 10020000 		.4byte	.LASF38
 897 03ab 00       		.byte	0
 898              		.section	.debug_abbrev,"",%progbits
 899              	.Ldebug_abbrev0:
 900 0000 01       		.uleb128 0x1
 901 0001 11       		.uleb128 0x11
 902 0002 01       		.byte	0x1
 903 0003 25       		.uleb128 0x25
 904 0004 0E       		.uleb128 0xe
 905 0005 13       		.uleb128 0x13
 906 0006 0B       		.uleb128 0xb
 907 0007 03       		.uleb128 0x3
 908 0008 0E       		.uleb128 0xe
 909 0009 1B       		.uleb128 0x1b
 910 000a 0E       		.uleb128 0xe
 911 000b 55       		.uleb128 0x55
 912 000c 17       		.uleb128 0x17
 913 000d 11       		.uleb128 0x11
 914 000e 01       		.uleb128 0x1
 915 000f 10       		.uleb128 0x10
 916 0010 17       		.uleb128 0x17
 917 0011 00       		.byte	0
 918 0012 00       		.byte	0
 919 0013 02       		.uleb128 0x2
 920 0014 24       		.uleb128 0x24
 921 0015 00       		.byte	0
 922 0016 0B       		.uleb128 0xb
 923 0017 0B       		.uleb128 0xb
 924 0018 3E       		.uleb128 0x3e
 925 0019 0B       		.uleb128 0xb
 926 001a 03       		.uleb128 0x3
 927 001b 08       		.uleb128 0x8
ARM GAS  C:\Users\dgitau\AppData\Local\Temp\cc5YjZ52.s 			page 24


 928 001c 00       		.byte	0
 929 001d 00       		.byte	0
 930 001e 03       		.uleb128 0x3
 931 001f 16       		.uleb128 0x16
 932 0020 00       		.byte	0
 933 0021 03       		.uleb128 0x3
 934 0022 0E       		.uleb128 0xe
 935 0023 3A       		.uleb128 0x3a
 936 0024 0B       		.uleb128 0xb
 937 0025 3B       		.uleb128 0x3b
 938 0026 0B       		.uleb128 0xb
 939 0027 49       		.uleb128 0x49
 940 0028 13       		.uleb128 0x13
 941 0029 00       		.byte	0
 942 002a 00       		.byte	0
 943 002b 04       		.uleb128 0x4
 944 002c 24       		.uleb128 0x24
 945 002d 00       		.byte	0
 946 002e 0B       		.uleb128 0xb
 947 002f 0B       		.uleb128 0xb
 948 0030 3E       		.uleb128 0x3e
 949 0031 0B       		.uleb128 0xb
 950 0032 03       		.uleb128 0x3
 951 0033 0E       		.uleb128 0xe
 952 0034 00       		.byte	0
 953 0035 00       		.byte	0
 954 0036 05       		.uleb128 0x5
 955 0037 0F       		.uleb128 0xf
 956 0038 00       		.byte	0
 957 0039 0B       		.uleb128 0xb
 958 003a 0B       		.uleb128 0xb
 959 003b 00       		.byte	0
 960 003c 00       		.byte	0
 961 003d 06       		.uleb128 0x6
 962 003e 16       		.uleb128 0x16
 963 003f 00       		.byte	0
 964 0040 03       		.uleb128 0x3
 965 0041 0E       		.uleb128 0xe
 966 0042 3A       		.uleb128 0x3a
 967 0043 0B       		.uleb128 0xb
 968 0044 3B       		.uleb128 0x3b
 969 0045 05       		.uleb128 0x5
 970 0046 49       		.uleb128 0x49
 971 0047 13       		.uleb128 0x13
 972 0048 00       		.byte	0
 973 0049 00       		.byte	0
 974 004a 07       		.uleb128 0x7
 975 004b 35       		.uleb128 0x35
 976 004c 00       		.byte	0
 977 004d 49       		.uleb128 0x49
 978 004e 13       		.uleb128 0x13
 979 004f 00       		.byte	0
 980 0050 00       		.byte	0
 981 0051 08       		.uleb128 0x8
 982 0052 2E       		.uleb128 0x2e
 983 0053 01       		.byte	0x1
 984 0054 03       		.uleb128 0x3
ARM GAS  C:\Users\dgitau\AppData\Local\Temp\cc5YjZ52.s 			page 25


 985 0055 0E       		.uleb128 0xe
 986 0056 3A       		.uleb128 0x3a
 987 0057 0B       		.uleb128 0xb
 988 0058 3B       		.uleb128 0x3b
 989 0059 0B       		.uleb128 0xb
 990 005a 27       		.uleb128 0x27
 991 005b 19       		.uleb128 0x19
 992 005c 8701     		.uleb128 0x87
 993 005e 19       		.uleb128 0x19
 994 005f 11       		.uleb128 0x11
 995 0060 01       		.uleb128 0x1
 996 0061 12       		.uleb128 0x12
 997 0062 06       		.uleb128 0x6
 998 0063 40       		.uleb128 0x40
 999 0064 18       		.uleb128 0x18
 1000 0065 9742     		.uleb128 0x2117
 1001 0067 19       		.uleb128 0x19
 1002 0068 01       		.uleb128 0x1
 1003 0069 13       		.uleb128 0x13
 1004 006a 00       		.byte	0
 1005 006b 00       		.byte	0
 1006 006c 09       		.uleb128 0x9
 1007 006d 05       		.uleb128 0x5
 1008 006e 00       		.byte	0
 1009 006f 03       		.uleb128 0x3
 1010 0070 0E       		.uleb128 0xe
 1011 0071 3A       		.uleb128 0x3a
 1012 0072 0B       		.uleb128 0xb
 1013 0073 3B       		.uleb128 0x3b
 1014 0074 0B       		.uleb128 0xb
 1015 0075 49       		.uleb128 0x49
 1016 0076 13       		.uleb128 0x13
 1017 0077 02       		.uleb128 0x2
 1018 0078 18       		.uleb128 0x18
 1019 0079 00       		.byte	0
 1020 007a 00       		.byte	0
 1021 007b 0A       		.uleb128 0xa
 1022 007c 2E       		.uleb128 0x2e
 1023 007d 01       		.byte	0x1
 1024 007e 03       		.uleb128 0x3
 1025 007f 0E       		.uleb128 0xe
 1026 0080 3A       		.uleb128 0x3a
 1027 0081 0B       		.uleb128 0xb
 1028 0082 3B       		.uleb128 0x3b
 1029 0083 0B       		.uleb128 0xb
 1030 0084 27       		.uleb128 0x27
 1031 0085 19       		.uleb128 0x19
 1032 0086 11       		.uleb128 0x11
 1033 0087 01       		.uleb128 0x1
 1034 0088 12       		.uleb128 0x12
 1035 0089 06       		.uleb128 0x6
 1036 008a 40       		.uleb128 0x40
 1037 008b 18       		.uleb128 0x18
 1038 008c 9742     		.uleb128 0x2117
 1039 008e 19       		.uleb128 0x19
 1040 008f 01       		.uleb128 0x1
 1041 0090 13       		.uleb128 0x13
ARM GAS  C:\Users\dgitau\AppData\Local\Temp\cc5YjZ52.s 			page 26


 1042 0091 00       		.byte	0
 1043 0092 00       		.byte	0
 1044 0093 0B       		.uleb128 0xb
 1045 0094 34       		.uleb128 0x34
 1046 0095 00       		.byte	0
 1047 0096 03       		.uleb128 0x3
 1048 0097 0E       		.uleb128 0xe
 1049 0098 3A       		.uleb128 0x3a
 1050 0099 0B       		.uleb128 0xb
 1051 009a 3B       		.uleb128 0x3b
 1052 009b 0B       		.uleb128 0xb
 1053 009c 49       		.uleb128 0x49
 1054 009d 13       		.uleb128 0x13
 1055 009e 02       		.uleb128 0x2
 1056 009f 17       		.uleb128 0x17
 1057 00a0 00       		.byte	0
 1058 00a1 00       		.byte	0
 1059 00a2 0C       		.uleb128 0xc
 1060 00a3 05       		.uleb128 0x5
 1061 00a4 00       		.byte	0
 1062 00a5 03       		.uleb128 0x3
 1063 00a6 08       		.uleb128 0x8
 1064 00a7 3A       		.uleb128 0x3a
 1065 00a8 0B       		.uleb128 0xb
 1066 00a9 3B       		.uleb128 0x3b
 1067 00aa 0B       		.uleb128 0xb
 1068 00ab 49       		.uleb128 0x49
 1069 00ac 13       		.uleb128 0x13
 1070 00ad 02       		.uleb128 0x2
 1071 00ae 17       		.uleb128 0x17
 1072 00af 00       		.byte	0
 1073 00b0 00       		.byte	0
 1074 00b1 0D       		.uleb128 0xd
 1075 00b2 898201   		.uleb128 0x4109
 1076 00b5 01       		.byte	0x1
 1077 00b6 11       		.uleb128 0x11
 1078 00b7 01       		.uleb128 0x1
 1079 00b8 31       		.uleb128 0x31
 1080 00b9 13       		.uleb128 0x13
 1081 00ba 00       		.byte	0
 1082 00bb 00       		.byte	0
 1083 00bc 0E       		.uleb128 0xe
 1084 00bd 8A8201   		.uleb128 0x410a
 1085 00c0 00       		.byte	0
 1086 00c1 02       		.uleb128 0x2
 1087 00c2 18       		.uleb128 0x18
 1088 00c3 9142     		.uleb128 0x2111
 1089 00c5 18       		.uleb128 0x18
 1090 00c6 00       		.byte	0
 1091 00c7 00       		.byte	0
 1092 00c8 0F       		.uleb128 0xf
 1093 00c9 898201   		.uleb128 0x4109
 1094 00cc 01       		.byte	0x1
 1095 00cd 11       		.uleb128 0x11
 1096 00ce 01       		.uleb128 0x1
 1097 00cf 31       		.uleb128 0x31
 1098 00d0 13       		.uleb128 0x13
ARM GAS  C:\Users\dgitau\AppData\Local\Temp\cc5YjZ52.s 			page 27


 1099 00d1 01       		.uleb128 0x1
 1100 00d2 13       		.uleb128 0x13
 1101 00d3 00       		.byte	0
 1102 00d4 00       		.byte	0
 1103 00d5 10       		.uleb128 0x10
 1104 00d6 05       		.uleb128 0x5
 1105 00d7 00       		.byte	0
 1106 00d8 03       		.uleb128 0x3
 1107 00d9 0E       		.uleb128 0xe
 1108 00da 3A       		.uleb128 0x3a
 1109 00db 0B       		.uleb128 0xb
 1110 00dc 3B       		.uleb128 0x3b
 1111 00dd 0B       		.uleb128 0xb
 1112 00de 49       		.uleb128 0x49
 1113 00df 13       		.uleb128 0x13
 1114 00e0 02       		.uleb128 0x2
 1115 00e1 17       		.uleb128 0x17
 1116 00e2 00       		.byte	0
 1117 00e3 00       		.byte	0
 1118 00e4 11       		.uleb128 0x11
 1119 00e5 0F       		.uleb128 0xf
 1120 00e6 00       		.byte	0
 1121 00e7 0B       		.uleb128 0xb
 1122 00e8 0B       		.uleb128 0xb
 1123 00e9 49       		.uleb128 0x49
 1124 00ea 13       		.uleb128 0x13
 1125 00eb 00       		.byte	0
 1126 00ec 00       		.byte	0
 1127 00ed 12       		.uleb128 0x12
 1128 00ee 26       		.uleb128 0x26
 1129 00ef 00       		.byte	0
 1130 00f0 00       		.byte	0
 1131 00f1 00       		.byte	0
 1132 00f2 13       		.uleb128 0x13
 1133 00f3 2E       		.uleb128 0x2e
 1134 00f4 01       		.byte	0x1
 1135 00f5 3F       		.uleb128 0x3f
 1136 00f6 19       		.uleb128 0x19
 1137 00f7 03       		.uleb128 0x3
 1138 00f8 0E       		.uleb128 0xe
 1139 00f9 3A       		.uleb128 0x3a
 1140 00fa 0B       		.uleb128 0xb
 1141 00fb 3B       		.uleb128 0x3b
 1142 00fc 05       		.uleb128 0x5
 1143 00fd 27       		.uleb128 0x27
 1144 00fe 19       		.uleb128 0x19
 1145 00ff 11       		.uleb128 0x11
 1146 0100 01       		.uleb128 0x1
 1147 0101 12       		.uleb128 0x12
 1148 0102 06       		.uleb128 0x6
 1149 0103 40       		.uleb128 0x40
 1150 0104 18       		.uleb128 0x18
 1151 0105 9742     		.uleb128 0x2117
 1152 0107 19       		.uleb128 0x19
 1153 0108 01       		.uleb128 0x1
 1154 0109 13       		.uleb128 0x13
 1155 010a 00       		.byte	0
ARM GAS  C:\Users\dgitau\AppData\Local\Temp\cc5YjZ52.s 			page 28


 1156 010b 00       		.byte	0
 1157 010c 14       		.uleb128 0x14
 1158 010d 05       		.uleb128 0x5
 1159 010e 00       		.byte	0
 1160 010f 03       		.uleb128 0x3
 1161 0110 0E       		.uleb128 0xe
 1162 0111 3A       		.uleb128 0x3a
 1163 0112 0B       		.uleb128 0xb
 1164 0113 3B       		.uleb128 0x3b
 1165 0114 05       		.uleb128 0x5
 1166 0115 49       		.uleb128 0x49
 1167 0116 13       		.uleb128 0x13
 1168 0117 02       		.uleb128 0x2
 1169 0118 18       		.uleb128 0x18
 1170 0119 00       		.byte	0
 1171 011a 00       		.byte	0
 1172 011b 15       		.uleb128 0x15
 1173 011c 34       		.uleb128 0x34
 1174 011d 00       		.byte	0
 1175 011e 03       		.uleb128 0x3
 1176 011f 0E       		.uleb128 0xe
 1177 0120 3A       		.uleb128 0x3a
 1178 0121 0B       		.uleb128 0xb
 1179 0122 3B       		.uleb128 0x3b
 1180 0123 05       		.uleb128 0x5
 1181 0124 49       		.uleb128 0x49
 1182 0125 13       		.uleb128 0x13
 1183 0126 02       		.uleb128 0x2
 1184 0127 18       		.uleb128 0x18
 1185 0128 00       		.byte	0
 1186 0129 00       		.byte	0
 1187 012a 16       		.uleb128 0x16
 1188 012b 0B       		.uleb128 0xb
 1189 012c 01       		.byte	0x1
 1190 012d 11       		.uleb128 0x11
 1191 012e 01       		.uleb128 0x1
 1192 012f 12       		.uleb128 0x12
 1193 0130 06       		.uleb128 0x6
 1194 0131 01       		.uleb128 0x1
 1195 0132 13       		.uleb128 0x13
 1196 0133 00       		.byte	0
 1197 0134 00       		.byte	0
 1198 0135 17       		.uleb128 0x17
 1199 0136 13       		.uleb128 0x13
 1200 0137 01       		.byte	0x1
 1201 0138 0B       		.uleb128 0xb
 1202 0139 0B       		.uleb128 0xb
 1203 013a 3A       		.uleb128 0x3a
 1204 013b 0B       		.uleb128 0xb
 1205 013c 3B       		.uleb128 0x3b
 1206 013d 05       		.uleb128 0x5
 1207 013e 01       		.uleb128 0x1
 1208 013f 13       		.uleb128 0x13
 1209 0140 00       		.byte	0
 1210 0141 00       		.byte	0
 1211 0142 18       		.uleb128 0x18
 1212 0143 0D       		.uleb128 0xd
ARM GAS  C:\Users\dgitau\AppData\Local\Temp\cc5YjZ52.s 			page 29


 1213 0144 00       		.byte	0
 1214 0145 03       		.uleb128 0x3
 1215 0146 0E       		.uleb128 0xe
 1216 0147 3A       		.uleb128 0x3a
 1217 0148 0B       		.uleb128 0xb
 1218 0149 3B       		.uleb128 0x3b
 1219 014a 05       		.uleb128 0x5
 1220 014b 49       		.uleb128 0x49
 1221 014c 13       		.uleb128 0x13
 1222 014d 38       		.uleb128 0x38
 1223 014e 0B       		.uleb128 0xb
 1224 014f 00       		.byte	0
 1225 0150 00       		.byte	0
 1226 0151 19       		.uleb128 0x19
 1227 0152 01       		.uleb128 0x1
 1228 0153 01       		.byte	0x1
 1229 0154 49       		.uleb128 0x49
 1230 0155 13       		.uleb128 0x13
 1231 0156 01       		.uleb128 0x1
 1232 0157 13       		.uleb128 0x13
 1233 0158 00       		.byte	0
 1234 0159 00       		.byte	0
 1235 015a 1A       		.uleb128 0x1a
 1236 015b 21       		.uleb128 0x21
 1237 015c 00       		.byte	0
 1238 015d 49       		.uleb128 0x49
 1239 015e 13       		.uleb128 0x13
 1240 015f 2F       		.uleb128 0x2f
 1241 0160 0B       		.uleb128 0xb
 1242 0161 00       		.byte	0
 1243 0162 00       		.byte	0
 1244 0163 1B       		.uleb128 0x1b
 1245 0164 26       		.uleb128 0x26
 1246 0165 00       		.byte	0
 1247 0166 49       		.uleb128 0x49
 1248 0167 13       		.uleb128 0x13
 1249 0168 00       		.byte	0
 1250 0169 00       		.byte	0
 1251 016a 1C       		.uleb128 0x1c
 1252 016b 34       		.uleb128 0x34
 1253 016c 00       		.byte	0
 1254 016d 03       		.uleb128 0x3
 1255 016e 08       		.uleb128 0x8
 1256 016f 3A       		.uleb128 0x3a
 1257 0170 0B       		.uleb128 0xb
 1258 0171 3B       		.uleb128 0x3b
 1259 0172 05       		.uleb128 0x5
 1260 0173 49       		.uleb128 0x49
 1261 0174 13       		.uleb128 0x13
 1262 0175 02       		.uleb128 0x2
 1263 0176 17       		.uleb128 0x17
 1264 0177 00       		.byte	0
 1265 0178 00       		.byte	0
 1266 0179 1D       		.uleb128 0x1d
 1267 017a 0B       		.uleb128 0xb
 1268 017b 01       		.byte	0x1
 1269 017c 11       		.uleb128 0x11
ARM GAS  C:\Users\dgitau\AppData\Local\Temp\cc5YjZ52.s 			page 30


 1270 017d 01       		.uleb128 0x1
 1271 017e 12       		.uleb128 0x12
 1272 017f 06       		.uleb128 0x6
 1273 0180 00       		.byte	0
 1274 0181 00       		.byte	0
 1275 0182 1E       		.uleb128 0x1e
 1276 0183 898201   		.uleb128 0x4109
 1277 0186 00       		.byte	0
 1278 0187 11       		.uleb128 0x11
 1279 0188 01       		.uleb128 0x1
 1280 0189 31       		.uleb128 0x31
 1281 018a 13       		.uleb128 0x13
 1282 018b 00       		.byte	0
 1283 018c 00       		.byte	0
 1284 018d 1F       		.uleb128 0x1f
 1285 018e 2E       		.uleb128 0x2e
 1286 018f 00       		.byte	0
 1287 0190 3F       		.uleb128 0x3f
 1288 0191 19       		.uleb128 0x19
 1289 0192 3C       		.uleb128 0x3c
 1290 0193 19       		.uleb128 0x19
 1291 0194 6E       		.uleb128 0x6e
 1292 0195 0E       		.uleb128 0xe
 1293 0196 03       		.uleb128 0x3
 1294 0197 0E       		.uleb128 0xe
 1295 0198 00       		.byte	0
 1296 0199 00       		.byte	0
 1297 019a 20       		.uleb128 0x20
 1298 019b 2E       		.uleb128 0x2e
 1299 019c 00       		.byte	0
 1300 019d 3F       		.uleb128 0x3f
 1301 019e 19       		.uleb128 0x19
 1302 019f 3C       		.uleb128 0x3c
 1303 01a0 19       		.uleb128 0x19
 1304 01a1 6E       		.uleb128 0x6e
 1305 01a2 0E       		.uleb128 0xe
 1306 01a3 03       		.uleb128 0x3
 1307 01a4 0E       		.uleb128 0xe
 1308 01a5 3A       		.uleb128 0x3a
 1309 01a6 0B       		.uleb128 0xb
 1310 01a7 3B       		.uleb128 0x3b
 1311 01a8 0B       		.uleb128 0xb
 1312 01a9 00       		.byte	0
 1313 01aa 00       		.byte	0
 1314 01ab 00       		.byte	0
 1315              		.section	.debug_loc,"",%progbits
 1316              	.Ldebug_loc0:
 1317              	.LLST0:
 1318 0000 06000000 		.4byte	.LVL1
 1319 0004 10000000 		.4byte	.LVL2
 1320 0008 0100     		.2byte	0x1
 1321 000a 53       		.byte	0x53
 1322 000b 00000000 		.4byte	0
 1323 000f 00000000 		.4byte	0
 1324              	.LLST1:
 1325 0013 00000000 		.4byte	.LVL3
 1326 0017 09000000 		.4byte	.LVL5-1
ARM GAS  C:\Users\dgitau\AppData\Local\Temp\cc5YjZ52.s 			page 31


 1327 001b 0100     		.2byte	0x1
 1328 001d 50       		.byte	0x50
 1329 001e 09000000 		.4byte	.LVL5-1
 1330 0022 0C000000 		.4byte	.LFE0
 1331 0026 0400     		.2byte	0x4
 1332 0028 F3       		.byte	0xf3
 1333 0029 01       		.uleb128 0x1
 1334 002a 50       		.byte	0x50
 1335 002b 9F       		.byte	0x9f
 1336 002c 00000000 		.4byte	0
 1337 0030 00000000 		.4byte	0
 1338              	.LLST2:
 1339 0034 00000000 		.4byte	.LVL3
 1340 0038 06000000 		.4byte	.LVL4
 1341 003c 0100     		.2byte	0x1
 1342 003e 51       		.byte	0x51
 1343 003f 06000000 		.4byte	.LVL4
 1344 0043 09000000 		.4byte	.LVL5-1
 1345 0047 0100     		.2byte	0x1
 1346 0049 52       		.byte	0x52
 1347 004a 09000000 		.4byte	.LVL5-1
 1348 004e 0C000000 		.4byte	.LFE0
 1349 0052 0400     		.2byte	0x4
 1350 0054 F3       		.byte	0xf3
 1351 0055 01       		.uleb128 0x1
 1352 0056 51       		.byte	0x51
 1353 0057 9F       		.byte	0x9f
 1354 0058 00000000 		.4byte	0
 1355 005c 00000000 		.4byte	0
 1356              	.LLST3:
 1357 0060 2E000000 		.4byte	.LVL6
 1358 0064 34000000 		.4byte	.LVL7
 1359 0068 0200     		.2byte	0x2
 1360 006a 49       		.byte	0x49
 1361 006b 9F       		.byte	0x9f
 1362 006c 34000000 		.4byte	.LVL7
 1363 0070 7E000000 		.4byte	.LVL13
 1364 0074 0100     		.2byte	0x1
 1365 0076 55       		.byte	0x55
 1366 0077 00000000 		.4byte	0
 1367 007b 00000000 		.4byte	0
 1368              	.LLST4:
 1369 007f 2E000000 		.4byte	.LVL6
 1370 0083 34000000 		.4byte	.LVL7
 1371 0087 0200     		.2byte	0x2
 1372 0089 30       		.byte	0x30
 1373 008a 9F       		.byte	0x9f
 1374 008b 34000000 		.4byte	.LVL7
 1375 008f 40000000 		.4byte	.LVL8
 1376 0093 0100     		.2byte	0x1
 1377 0095 54       		.byte	0x54
 1378 0096 44000000 		.4byte	.LVL9
 1379 009a 7E000000 		.4byte	.LVL13
 1380 009e 0100     		.2byte	0x1
 1381 00a0 54       		.byte	0x54
 1382 00a1 00000000 		.4byte	0
 1383 00a5 00000000 		.4byte	0
ARM GAS  C:\Users\dgitau\AppData\Local\Temp\cc5YjZ52.s 			page 32


 1384              	.LLST5:
 1385 00a9 00000000 		.4byte	.LVL14
 1386 00ad 05000000 		.4byte	.LVL15-1
 1387 00b1 0100     		.2byte	0x1
 1388 00b3 50       		.byte	0x50
 1389 00b4 05000000 		.4byte	.LVL15-1
 1390 00b8 08000000 		.4byte	.LFE1
 1391 00bc 0400     		.2byte	0x4
 1392 00be F3       		.byte	0xf3
 1393 00bf 01       		.uleb128 0x1
 1394 00c0 50       		.byte	0x50
 1395 00c1 9F       		.byte	0x9f
 1396 00c2 00000000 		.4byte	0
 1397 00c6 00000000 		.4byte	0
 1398              	.LLST6:
 1399 00ca 00000000 		.4byte	.LVL14
 1400 00ce 05000000 		.4byte	.LVL15-1
 1401 00d2 0100     		.2byte	0x1
 1402 00d4 51       		.byte	0x51
 1403 00d5 05000000 		.4byte	.LVL15-1
 1404 00d9 08000000 		.4byte	.LFE1
 1405 00dd 0400     		.2byte	0x4
 1406 00df F3       		.byte	0xf3
 1407 00e0 01       		.uleb128 0x1
 1408 00e1 51       		.byte	0x51
 1409 00e2 9F       		.byte	0x9f
 1410 00e3 00000000 		.4byte	0
 1411 00e7 00000000 		.4byte	0
 1412              	.LLST7:
 1413 00eb 00000000 		.4byte	.LVL14
 1414 00ef 05000000 		.4byte	.LVL15-1
 1415 00f3 0100     		.2byte	0x1
 1416 00f5 52       		.byte	0x52
 1417 00f6 05000000 		.4byte	.LVL15-1
 1418 00fa 08000000 		.4byte	.LFE1
 1419 00fe 0400     		.2byte	0x4
 1420 0100 F3       		.byte	0xf3
 1421 0101 01       		.uleb128 0x1
 1422 0102 52       		.byte	0x52
 1423 0103 9F       		.byte	0x9f
 1424 0104 00000000 		.4byte	0
 1425 0108 00000000 		.4byte	0
 1426              	.LLST8:
 1427 010c 0E000000 		.4byte	.LVL18
 1428 0110 12000000 		.4byte	.LVL19
 1429 0114 0200     		.2byte	0x2
 1430 0116 30       		.byte	0x30
 1431 0117 9F       		.byte	0x9f
 1432 0118 12000000 		.4byte	.LVL19
 1433 011c 2A000000 		.4byte	.LVL21
 1434 0120 0100     		.2byte	0x1
 1435 0122 54       		.byte	0x54
 1436 0123 2C000000 		.4byte	.LVL22
 1437 0127 5E000000 		.4byte	.LVL24
 1438 012b 0100     		.2byte	0x1
 1439 012d 54       		.byte	0x54
 1440 012e 00000000 		.4byte	0
ARM GAS  C:\Users\dgitau\AppData\Local\Temp\cc5YjZ52.s 			page 33


 1441 0132 00000000 		.4byte	0
 1442              	.LLST9:
 1443 0136 12000000 		.4byte	.LVL19
 1444 013a 2A000000 		.4byte	.LVL21
 1445 013e 0B00     		.2byte	0xb
 1446 0140 74       		.byte	0x74
 1447 0141 00       		.sleb128 0
 1448 0142 36       		.byte	0x36
 1449 0143 1E       		.byte	0x1e
 1450 0144 03       		.byte	0x3
 1451 0145 00000000 		.4byte	cfg_memset_list.4982
 1452 0149 22       		.byte	0x22
 1453 014a 9F       		.byte	0x9f
 1454 014b 2A000000 		.4byte	.LVL21
 1455 014f 2C000000 		.4byte	.LVL22
 1456 0153 0B00     		.2byte	0xb
 1457 0155 74       		.byte	0x74
 1458 0156 7F       		.sleb128 -1
 1459 0157 36       		.byte	0x36
 1460 0158 1E       		.byte	0x1e
 1461 0159 03       		.byte	0x3
 1462 015a 00000000 		.4byte	cfg_memset_list.4982
 1463 015e 22       		.byte	0x22
 1464 015f 9F       		.byte	0x9f
 1465 0160 00000000 		.4byte	0
 1466 0164 00000000 		.4byte	0
 1467              		.section	.debug_aranges,"",%progbits
 1468 0000 4C000000 		.4byte	0x4c
 1469 0004 0200     		.2byte	0x2
 1470 0006 00000000 		.4byte	.Ldebug_info0
 1471 000a 04       		.byte	0x4
 1472 000b 00       		.byte	0
 1473 000c 0000     		.2byte	0
 1474 000e 0000     		.2byte	0
 1475 0010 00000000 		.4byte	.LFB3
 1476 0014 02000000 		.4byte	.LFE3-.LFB3
 1477 0018 00000000 		.4byte	.LFB5
 1478 001c 28000000 		.4byte	.LFE5-.LFB5
 1479 0020 00000000 		.4byte	.LFB0
 1480 0024 0C000000 		.4byte	.LFE0-.LFB0
 1481 0028 00000000 		.4byte	.LFB4
 1482 002c 9C000000 		.4byte	.LFE4-.LFB4
 1483 0030 00000000 		.4byte	.LFB1
 1484 0034 08000000 		.4byte	.LFE1-.LFB1
 1485 0038 00000000 		.4byte	.LFB6
 1486 003c 10000000 		.4byte	.LFE6-.LFB6
 1487 0040 00000000 		.4byte	.LFB7
 1488 0044 A0000000 		.4byte	.LFE7-.LFB7
 1489 0048 00000000 		.4byte	0
 1490 004c 00000000 		.4byte	0
 1491              		.section	.debug_ranges,"",%progbits
 1492              	.Ldebug_ranges0:
 1493 0000 00000000 		.4byte	.LFB3
 1494 0004 02000000 		.4byte	.LFE3
 1495 0008 00000000 		.4byte	.LFB5
 1496 000c 28000000 		.4byte	.LFE5
 1497 0010 00000000 		.4byte	.LFB0
ARM GAS  C:\Users\dgitau\AppData\Local\Temp\cc5YjZ52.s 			page 34


 1498 0014 0C000000 		.4byte	.LFE0
 1499 0018 00000000 		.4byte	.LFB4
 1500 001c 9C000000 		.4byte	.LFE4
 1501 0020 00000000 		.4byte	.LFB1
 1502 0024 08000000 		.4byte	.LFE1
 1503 0028 00000000 		.4byte	.LFB6
 1504 002c 10000000 		.4byte	.LFE6
 1505 0030 00000000 		.4byte	.LFB7
 1506 0034 A0000000 		.4byte	.LFE7
 1507 0038 00000000 		.4byte	0
 1508 003c 00000000 		.4byte	0
 1509              		.section	.debug_line,"",%progbits
 1510              	.Ldebug_line0:
 1511 0000 A1010000 		.section	.debug_str,"MS",%progbits,1
 1511      0200D600 
 1511      00000201 
 1511      FB0E0D00 
 1511      01010101 
 1512              	.LASF19:
 1513 0000 72656731 		.ascii	"reg16\000"
 1513      3600
 1514              	.LASF43:
 1515 0006 43794465 		.ascii	"CyDelayCycles\000"
 1515      6C617943 
 1515      79636C65 
 1515      7300
 1516              	.LASF12:
 1517 0014 73697A65 		.ascii	"size_t\000"
 1517      5F7400
 1518              	.LASF20:
 1519 001b 416E616C 		.ascii	"AnalogSetDefault\000"
 1519      6F675365 
 1519      74446566 
 1519      61756C74 
 1519      00
 1520              	.LASF25:
 1521 002c 74696D65 		.ascii	"timeout\000"
 1521      6F757400 
 1522              	.LASF36:
 1523 0034 6366675F 		.ascii	"cfg_memset_list\000"
 1523      6D656D73 
 1523      65745F6C 
 1523      69737400 
 1524              	.LASF23:
 1525 0044 436C6F63 		.ascii	"ClockSetup\000"
 1525      6B536574 
 1525      757000
 1526              	.LASF6:
 1527 004f 73686F72 		.ascii	"short unsigned int\000"
 1527      7420756E 
 1527      7369676E 
 1527      65642069 
 1527      6E7400
 1528              	.LASF26:
 1529 0062 706C6C4C 		.ascii	"pllLock\000"
 1529      6F636B00 
 1530              	.LASF16:
ARM GAS  C:\Users\dgitau\AppData\Local\Temp\cc5YjZ52.s 			page 35


 1531 006a 666C6F61 		.ascii	"float\000"
 1531      7400
 1532              	.LASF42:
 1533 0070 4379436C 		.ascii	"CyClockStartupError\000"
 1533      6F636B53 
 1533      74617274 
 1533      75704572 
 1533      726F7200 
 1534              	.LASF28:
 1535 0084 64657374 		.ascii	"dest\000"
 1535      00
 1536              	.LASF34:
 1537 0089 73697A65 		.ascii	"size\000"
 1537      00
 1538              	.LASF39:
 1539 008e 474E5520 		.ascii	"GNU C11 5.4.1 20160609 (release) [ARM/embedded-5-br"
 1539      43313120 
 1539      352E342E 
 1539      31203230 
 1539      31363036 
 1540 00c1 616E6368 		.ascii	"anch revision 237715] -mcpu=cortex-m3 -mthumb -g -O"
 1540      20726576 
 1540      6973696F 
 1540      6E203233 
 1540      37373135 
 1541 00f4 67202D66 		.ascii	"g -ffunction-sections -ffat-lto-objects\000"
 1541      66756E63 
 1541      74696F6E 
 1541      2D736563 
 1541      74696F6E 
 1542              	.LASF18:
 1543 011c 72656738 		.ascii	"reg8\000"
 1543      00
 1544              	.LASF8:
 1545 0121 6C6F6E67 		.ascii	"long unsigned int\000"
 1545      20756E73 
 1545      69676E65 
 1545      6420696E 
 1545      7400
 1546              	.LASF13:
 1547 0133 75696E74 		.ascii	"uint8\000"
 1547      3800
 1548              	.LASF21:
 1549 0139 43594D45 		.ascii	"CYMEMZERO\000"
 1549      4D5A4552 
 1549      4F00
 1550              	.LASF31:
 1551 0143 53657441 		.ascii	"SetAnalogRoutingPumps\000"
 1551      6E616C6F 
 1551      67526F75 
 1551      74696E67 
 1551      50756D70 
 1552              	.LASF4:
 1553 0159 756E7369 		.ascii	"unsigned char\000"
 1553      676E6564 
 1553      20636861 
 1553      7200
ARM GAS  C:\Users\dgitau\AppData\Local\Temp\cc5YjZ52.s 			page 36


 1554              	.LASF37:
 1555 0167 6D656D73 		.ascii	"memset\000"
 1555      657400
 1556              	.LASF17:
 1557 016e 646F7562 		.ascii	"double\000"
 1557      6C6500
 1558              	.LASF32:
 1559 0175 63796669 		.ascii	"cyfitter_cfg\000"
 1559      74746572 
 1559      5F636667 
 1559      00
 1560              	.LASF14:
 1561 0182 75696E74 		.ascii	"uint16\000"
 1561      313600
 1562              	.LASF22:
 1563 0189 6572726F 		.ascii	"errorCode\000"
 1563      72436F64 
 1563      6500
 1564              	.LASF15:
 1565 0193 75696E74 		.ascii	"uint32\000"
 1565      333200
 1566              	.LASF0:
 1567 019a 756E7369 		.ascii	"unsigned int\000"
 1567      676E6564 
 1567      20696E74 
 1567      00
 1568              	.LASF33:
 1569 01a7 61646472 		.ascii	"address\000"
 1569      65737300 
 1570              	.LASF9:
 1571 01af 6C6F6E67 		.ascii	"long long unsigned int\000"
 1571      206C6F6E 
 1571      6720756E 
 1571      7369676E 
 1571      65642069 
 1572              	.LASF35:
 1573 01c6 6366675F 		.ascii	"cfg_memset_t\000"
 1573      6D656D73 
 1573      65745F74 
 1573      00
 1574              	.LASF10:
 1575 01d3 73697A65 		.ascii	"sizetype\000"
 1575      74797065 
 1575      00
 1576              	.LASF1:
 1577 01dc 6C6F6E67 		.ascii	"long long int\000"
 1577      206C6F6E 
 1577      6720696E 
 1577      7400
 1578              	.LASF40:
 1579 01ea 47656E65 		.ascii	"Generated_Source\\PSoC5\\cyfitter_cfg.c\000"
 1579      72617465 
 1579      645F536F 
 1579      75726365 
 1579      5C50536F 
 1580              	.LASF38:
 1581 0210 6D656D63 		.ascii	"memcpy\000"
ARM GAS  C:\Users\dgitau\AppData\Local\Temp\cc5YjZ52.s 			page 37


 1581      707900
 1582              	.LASF5:
 1583 0217 73686F72 		.ascii	"short int\000"
 1583      7420696E 
 1583      7400
 1584              	.LASF41:
 1585 0221 433A5C55 		.ascii	"C:\\Users\\dgitau\\PSoC Creator\\Workspace01\\Test."
 1585      73657273 
 1585      5C646769 
 1585      7461755C 
 1585      50536F43 
 1586 024f 63796473 		.ascii	"cydsn\000"
 1586      6E00
 1587              	.LASF29:
 1588 0255 656E6162 		.ascii	"enabled\000"
 1588      6C656400 
 1589              	.LASF7:
 1590 025d 6C6F6E67 		.ascii	"long int\000"
 1590      20696E74 
 1590      00
 1591              	.LASF11:
 1592 0266 63686172 		.ascii	"char\000"
 1592      00
 1593              	.LASF2:
 1594 026b 6C6F6E67 		.ascii	"long double\000"
 1594      20646F75 
 1594      626C6500 
 1595              	.LASF24:
 1596 0277 62675F78 		.ascii	"bg_xover_inl_trim\000"
 1596      6F766572 
 1596      5F696E6C 
 1596      5F747269 
 1596      6D00
 1597              	.LASF3:
 1598 0289 7369676E 		.ascii	"signed char\000"
 1598      65642063 
 1598      68617200 
 1599              	.LASF30:
 1600 0295 72656756 		.ascii	"regValue\000"
 1600      616C7565 
 1600      00
 1601              	.LASF27:
 1602 029e 4359434F 		.ascii	"CYCONFIGCPY\000"
 1602      4E464947 
 1602      43505900 
 1603              		.ident	"GCC: (GNU Tools for ARM Embedded Processors) 5.4.1 20160609 (release) [ARM/embedded-5-bran
